cellular_service.c:2217:13:CELLULAR_reset_context	0	static
cellular_service.c:2171:20:perform_SW_reset	16	static
cellular_service.c:2145:20:perform_HW_reset	16	static
cellular_service.c:2742:23:convert_to_PDN_event.isra.0	0	static
cellular_service.c:2287:13:CELLULAR_urc_notif	168	static
cellular_service.c:2682:20:CELLULAR_analyze_error_report.constprop	16	static
cellular_service.c:122:13:CS_init	16	static
cellular_service.c:136:13:CS_power_on	8	static
cellular_service.c:175:13:CS_power_off	16	static
cellular_service.c:219:13:CS_check_connection	8	static
cellular_service.c:250:13:CS_sim_select	16	static
cellular_service.c:282:9:CS_sim_generic_access	24	static
cellular_service.c:357:13:CS_init_modem	40	static
cellular_service.c:394:13:CS_get_device_info	16	static
cellular_service.c:435:13:CS_register_net	16	static
cellular_service.c:482:13:CS_subscribe_net_event	16	static
cellular_service.c:542:13:CS_unsubscribe_net_event	16	static
cellular_service.c:601:13:CS_subscribe_sim_event	16	static
cellular_service.c:619:13:CS_attach_PS_domain	8	static
cellular_service.c:646:13:CS_detach_PS_domain	8	static
cellular_service.c:673:13:CS_get_attach_status	16	static
cellular_service.c:705:13:CS_get_net_status	8	static
cellular_service.c:742:13:CS_get_signal_quality	24	static
cellular_service.c:780:13:CS_activate_pdn	16	static
cellular_service.c:808:13:CS_deactivate_pdn	16	static
cellular_service.c:837:13:CS_define_pdn	152	static
cellular_service.c:901:13:CS_set_default_pdn	16	static
cellular_service.c:929:13:CS_get_dev_IP_address	104	static
cellular_service.c:973:13:CS_subscribe_modem_event	24	static
cellular_service.c:1007:13:CS_register_pdn_event	16	static
cellular_service.c:1047:13:CS_deregister_pdn_event	8	static
cellular_service.c:1095:17:CDS_socket_create	32	static
cellular_service.c:1124:13:CDS_socket_bind	16	static
cellular_service.c:1154:13:CDS_socket_set_callbacks	24	static
cellular_service.c:1219:13:CDS_socket_set_option	24	static
cellular_service.c:1235:13:CDS_socket_get_option	0	static
cellular_service.c:1252:13:CDS_socket_connect	24	static
cellular_service.c:1301:13:CDS_socket_listen	0	static
cellular_service.c:1317:13:CDS_socket_send	112	static
cellular_service.c:1382:13:CDS_socket_sendto	120	static
cellular_service.c:1455:9:CDS_socket_receive	120	static
cellular_service.c:1533:9:CDS_socket_receivefrom	184	static
cellular_service.c:1615:13:CDS_socket_close	16	static
cellular_service.c:1669:13:CDS_socket_cnx_status	24	static
cellular_service.c:1709:13:CS_suspend_data	8	static
cellular_service.c:1735:13:CS_resume_data	8	static
cellular_service.c:1761:13:CS_reset	24	static
cellular_service.c:1826:13:CS_dns_request	152	static
cellular_service.c:1876:13:CDS_ping	240	static
cellular_service.c:1937:13:CS_direct_cmd	8	static
cellular_service.c:1978:13:CS_InitPowerConfig	16	static
cellular_service.c:2017:13:CS_SetPowerConfig	8	static
cellular_service.c:2052:13:CS_SleepRequest	8	static
cellular_service.c:2076:13:CS_SleepComplete	8	static
cellular_service.c:2101:13:CS_SleepCancel	8	static
cellular_service.c:2125:13:CS_PowerWakeup	16	static
