at_custom_modem_signalling.c:128:13:fCmdBuild_ATD_HL78	24	static
at_custom_modem_signalling.c:147:13:fCmdBuild_CGSN_HL78	16	static
at_custom_modem_signalling.c:162:13:fCmdBuild_QPOWD_HL78	8	static
at_custom_modem_signalling.c:178:13:fCmdBuild_QCFG_HL78	120	static
at_custom_modem_signalling.c:356:13:fCmdBuild_QICSGP_HL78	48	static
at_custom_modem_signalling.c:456:13:fCmdBuild_CGDCONT_HL78	16	static
at_custom_modem_signalling.c:467:13:fCmdBuild_QICFG_HL78	16	static
at_custom_modem_signalling.c:483:13:fCmdBuild_QINDCFG_HL78	8	static
at_custom_modem_signalling.c:521:13:fCmdBuild_QENG_HL78	8	static
at_custom_modem_signalling.c:557:13:fCmdBuild_QURCCFG_HL78	8	static
at_custom_modem_signalling.c:573:13:fCmdBuild_QPSMEXTCFG	8	static
at_custom_modem_signalling.c:589:13:fCmdBuild_COPS_HL78	16	static
at_custom_modem_signalling.c:618:13:fCmdBuild_KCELL_HL78	8	static
at_custom_modem_signalling.c:633:13:fCmdBuild_AT_AND_K	16	static
at_custom_modem_signalling.c:658:17:fRspAnalyze_Error_HL78	24	static
at_custom_modem_signalling.c:738:17:fRspAnalyze_CPIN_HL78	32	static
at_custom_modem_signalling.c:770:17:fRspAnalyze_CFUN_HL78	32	static
at_custom_modem_signalling.c:796:17:fRspAnalyze_QIND_HL78	96	static,ignoring_inline_asm
at_custom_modem_signalling.c:977:17:fRspAnalyze_KSRAT_HL78	48	static
at_custom_modem_signalling.c:1016:17:fRspAnalyze_KSELACQ_HL78	16	static
at_custom_modem_signalling.c:1031:17:fRspAnalyze_KBNDCFG_HL78	16	static
at_custom_modem_signalling.c:1046:17:fRspAnalyze_QCFG_HL78	88	static,ignoring_inline_asm
at_custom_modem_signalling.c:1176:17:fRspAnalyze_QIURC_HL78	88	static,ignoring_inline_asm
at_custom_modem_signalling.c:1480:17:fRspAnalyze_CCID_HL78	40	static,ignoring_inline_asm
at_custom_modem_signalling.c:1522:17:fRspAnalyze_QINISTAT_HL78	48	static,ignoring_inline_asm
at_custom_modem_signalling.c:1560:17:fRspAnalyze_KCELL_HL78	16	static
at_custom_modem_signalling.c:1743:17:fRspAnalyze_CGMR_HL78	24	static
at_custom_modem_signalling.c:1765:17:fRspAnalyze_QPSMTIMER_HL78	48	static,ignoring_inline_asm
at_custom_modem_signalling.c:1814:17:fRspAnalyze_COPS_HL78	24	static
