at_modem_signalling.c:112:13:display_clear_network_state	8	static
at_modem_signalling.c:375:13:fCmdBuild_NoParams	8	static
at_modem_signalling.c:387:13:fCmdBuild_CGSN	16	static
at_modem_signalling.c:408:13:fCmdBuild_CMEE	16	static
at_modem_signalling.c:426:13:fCmdBuild_CPIN	16	static
at_modem_signalling.c:442:13:fCmdBuild_CFUN	16	static
at_modem_signalling.c:489:13:fCmdBuild_COPS	32	static
at_modem_signalling.c:556:13:fCmdBuild_CGATT	16	static
at_modem_signalling.c:585:13:fCmdBuild_CREG	16	static
at_modem_signalling.c:610:13:fCmdBuild_CGREG	16	static
at_modem_signalling.c:640:13:fCmdBuild_CEREG	16	static
at_modem_signalling.c:670:13:fCmdBuild_CGEREP	8	static
at_modem_signalling.c:706:13:fCmdBuild_CGDCONT	32	static
at_modem_signalling.c:754:13:fCmdBuild_CGACT	24	static
at_modem_signalling.c:787:13:fCmdBuild_CGAUTH	32	static
at_modem_signalling.c:836:13:fCmdBuild_CGDATA	24	static
at_modem_signalling.c:868:13:fCmdBuild_CGPADDR	24	static
at_modem_signalling.c:903:13:fCmdBuild_ATD	8	static
at_modem_signalling.c:920:13:fCmdBuild_ATE	16	static
at_modem_signalling.c:937:13:fCmdBuild_ATV	16	static
at_modem_signalling.c:954:13:fCmdBuild_ATX	8	static
at_modem_signalling.c:971:13:fCmdBuild_ATZ	8	static
at_modem_signalling.c:987:13:fCmdBuild_IPR	16	static
at_modem_signalling.c:1001:13:fCmdBuild_IFC	16	static
at_modem_signalling.c:1022:13:fCmdBuild_ESCAPE_CMD	8	static
at_modem_signalling.c:1043:13:fCmdBuild_AT_AND_D	8	static
at_modem_signalling.c:1061:13:fCmdBuild_CPSMS	72	static
at_modem_signalling.c:1181:13:fCmdBuild_CEDRXS	32	static
at_modem_signalling.c:1250:13:fCmdBuild_CSIM	24	static
at_modem_signalling.c:1277:13:fCmdBuild_DIRECT_CMD	24	static
at_modem_signalling.c:1306:17:fRspAnalyze_None	8	static
at_modem_signalling.c:1336:17:fRspAnalyze_CmeErr	80	static
at_modem_signalling.c:1322:17:fRspAnalyze_Error	24	static
at_modem_signalling.c:1430:17:fRspAnalyze_CmsErr	8	static
at_modem_signalling.c:1447:17:fRspAnalyze_CGMI	24	static
at_modem_signalling.c:1471:17:fRspAnalyze_CGMM	24	static
at_modem_signalling.c:1494:17:fRspAnalyze_CGMR	24	static
at_modem_signalling.c:1517:17:fRspAnalyze_CGSN	112	static
at_modem_signalling.c:1596:17:fRspAnalyze_CIMI	24	static
at_modem_signalling.c:1619:17:fRspAnalyze_CEER	8	static
at_modem_signalling.c:1635:17:fRspAnalyze_CPIN	80	static
at_modem_signalling.c:1705:17:fRspAnalyze_CFUN	32	static
at_modem_signalling.c:1736:17:fRspAnalyze_COPS	48	static
at_modem_signalling.c:1897:17:fRspAnalyze_CNUM	8	static
at_modem_signalling.c:1913:17:fRspAnalyze_CGATT	40	static
at_modem_signalling.c:1947:17:fRspAnalyze_CREG	56	static
at_modem_signalling.c:2059:17:fRspAnalyze_CGREG	56	static
at_modem_signalling.c:2255:17:fRspAnalyze_CEREG	56	static
at_modem_signalling.c:2492:17:fRspAnalyze_CGEV	144	static
at_modem_signalling.c:2711:17:fRspAnalyze_CSQ	48	static
at_modem_signalling.c:2756:17:fRspAnalyze_CGPADDR	120	static
at_modem_signalling.c:2816:17:fRspAnalyze_CPSMS	32	static
at_modem_signalling.c:2872:17:fRspAnalyze_CEDRXS	40	static
at_modem_signalling.c:2915:17:fRspAnalyze_CEDRXP	40	static
at_modem_signalling.c:2960:17:fRspAnalyze_CEDRXRDP	40	static
at_modem_signalling.c:3007:17:fRspAnalyze_CSIM	32	static
at_modem_signalling.c:3065:17:fRspAnalyze_GSN	24	static
at_modem_signalling.c:3088:17:fRspAnalyze_IPR	32	static
at_modem_signalling.c:3117:17:fRspAnalyze_IFC	48	static
at_modem_signalling.c:3168:17:fRspAnalyze_DIRECT_CMD	8	static
