at_modem_signalling.c:113:13:display_clear_network_state	8	static
at_modem_signalling.c:376:13:fCmdBuild_NoParams	8	static
at_modem_signalling.c:388:13:fCmdBuild_CGSN	16	static
at_modem_signalling.c:409:13:fCmdBuild_CMEE	16	static
at_modem_signalling.c:427:13:fCmdBuild_CPIN	16	static
at_modem_signalling.c:443:13:fCmdBuild_CFUN	16	static
at_modem_signalling.c:490:13:fCmdBuild_COPS	32	static
at_modem_signalling.c:557:13:fCmdBuild_CGATT	16	static
at_modem_signalling.c:586:13:fCmdBuild_CREG	16	static
at_modem_signalling.c:611:13:fCmdBuild_CGREG	16	static
at_modem_signalling.c:641:13:fCmdBuild_CEREG	16	static
at_modem_signalling.c:671:13:fCmdBuild_CGEREP	8	static
at_modem_signalling.c:707:13:fCmdBuild_CGDCONT	32	static
at_modem_signalling.c:755:13:fCmdBuild_CGACT	24	static
at_modem_signalling.c:788:13:fCmdBuild_CGAUTH	32	static
at_modem_signalling.c:837:13:fCmdBuild_CGDATA	24	static
at_modem_signalling.c:869:13:fCmdBuild_CGPADDR	24	static
at_modem_signalling.c:904:13:fCmdBuild_ATD	8	static
at_modem_signalling.c:921:13:fCmdBuild_ATE	16	static
at_modem_signalling.c:938:13:fCmdBuild_ATV	16	static
at_modem_signalling.c:955:13:fCmdBuild_ATX	8	static
at_modem_signalling.c:972:13:fCmdBuild_ATZ	8	static
at_modem_signalling.c:988:13:fCmdBuild_IPR	16	static
at_modem_signalling.c:1002:13:fCmdBuild_IFC	16	static
at_modem_signalling.c:1023:13:fCmdBuild_ESCAPE_CMD	8	static
at_modem_signalling.c:1044:13:fCmdBuild_AT_AND_D	8	static
at_modem_signalling.c:1063:13:fCmdBuild_CPSMS	72	static
at_modem_signalling.c:1183:13:fCmdBuild_CEDRXS	32	static
at_modem_signalling.c:1252:13:fCmdBuild_CSIM	24	static
at_modem_signalling.c:1279:13:fCmdBuild_DIRECT_CMD	24	static
at_modem_signalling.c:1308:17:fRspAnalyze_None	8	static
at_modem_signalling.c:1338:17:fRspAnalyze_CmeErr	80	static
at_modem_signalling.c:1324:17:fRspAnalyze_Error	24	static
at_modem_signalling.c:1435:17:fRspAnalyze_CmsErr	8	static
at_modem_signalling.c:1452:17:fRspAnalyze_CGMI	24	static
at_modem_signalling.c:1476:17:fRspAnalyze_CGMM	24	static
at_modem_signalling.c:1499:17:fRspAnalyze_CGMR	24	static
at_modem_signalling.c:1522:17:fRspAnalyze_CGSN	112	static
at_modem_signalling.c:1601:17:fRspAnalyze_CIMI	24	static
at_modem_signalling.c:1624:17:fRspAnalyze_CEER	8	static
at_modem_signalling.c:1640:17:fRspAnalyze_CPIN	80	static
at_modem_signalling.c:1712:17:fRspAnalyze_CFUN	32	static
at_modem_signalling.c:1743:17:fRspAnalyze_COPS	48	static
at_modem_signalling.c:1904:17:fRspAnalyze_CNUM	8	static
at_modem_signalling.c:1920:17:fRspAnalyze_CGATT	40	static
at_modem_signalling.c:1954:17:fRspAnalyze_CREG	56	static
at_modem_signalling.c:2066:17:fRspAnalyze_CGREG	56	static
at_modem_signalling.c:2262:17:fRspAnalyze_CEREG	56	static
at_modem_signalling.c:2499:17:fRspAnalyze_CGEV	144	static
at_modem_signalling.c:2718:17:fRspAnalyze_CSQ	48	static
at_modem_signalling.c:2769:17:fRspAnalyze_CGPADDR	152	static
at_modem_signalling.c:2852:17:fRspAnalyze_CPSMS	32	static
at_modem_signalling.c:2908:17:fRspAnalyze_CEDRXS	40	static
at_modem_signalling.c:2951:17:fRspAnalyze_CEDRXP	40	static
at_modem_signalling.c:2996:17:fRspAnalyze_CEDRXRDP	40	static
at_modem_signalling.c:3043:17:fRspAnalyze_CSIM	32	static
at_modem_signalling.c:3101:17:fRspAnalyze_GSN	24	static
at_modem_signalling.c:3124:17:fRspAnalyze_IPR	32	static
at_modem_signalling.c:3153:17:fRspAnalyze_IFC	48	static
at_modem_signalling.c:3204:17:fRspAnalyze_DIRECT_CMD	8	static
