at_custom_modem_signalling.c:119:13:fCmdBuild_ATD_BG96	24	static
at_custom_modem_signalling.c:138:13:fCmdBuild_CGSN_BG96	16	static
at_custom_modem_signalling.c:153:13:fCmdBuild_QPOWD_BG96	8	static
at_custom_modem_signalling.c:169:13:fCmdBuild_QCFG_BG96	120	static
at_custom_modem_signalling.c:347:13:fCmdBuild_QICSGP_BG96	48	static
at_custom_modem_signalling.c:447:13:fCmdBuild_CGDCONT_BG96	16	static
at_custom_modem_signalling.c:458:13:fCmdBuild_QICFG_BG96	16	static
at_custom_modem_signalling.c:474:13:fCmdBuild_QINDCFG_BG96	8	static
at_custom_modem_signalling.c:512:13:fCmdBuild_QENG_BG96	8	static
at_custom_modem_signalling.c:548:13:fCmdBuild_QURCCFG_BG96	8	static
at_custom_modem_signalling.c:564:13:fCmdBuild_QPSMEXTCFG	8	static
at_custom_modem_signalling.c:580:13:fCmdBuild_COPS_BG96	16	static
at_custom_modem_signalling.c:612:17:fRspAnalyze_Error_BG96	24	static
at_custom_modem_signalling.c:692:17:fRspAnalyze_CPIN_BG96	32	static
at_custom_modem_signalling.c:723:17:fRspAnalyze_CFUN_BG96	32	static
at_custom_modem_signalling.c:748:17:fRspAnalyze_QIND_BG96	96	static,ignoring_inline_asm
at_custom_modem_signalling.c:929:17:fRspAnalyze_QCFG_BG96	88	static,ignoring_inline_asm
at_custom_modem_signalling.c:1059:17:fRspAnalyze_QIURC_BG96	88	static,ignoring_inline_asm
at_custom_modem_signalling.c:1363:17:fRspAnalyze_QCCID_BG96	40	static,ignoring_inline_asm
at_custom_modem_signalling.c:1405:17:fRspAnalyze_QINISTAT_BG96	48	static,ignoring_inline_asm
at_custom_modem_signalling.c:1443:17:fRspAnalyze_QCSQ_BG96	80	static,ignoring_inline_asm
at_custom_modem_signalling.c:1621:17:fRspAnalyze_QGMR_BG96	24	static
at_custom_modem_signalling.c:1643:17:fRspAnalyze_QPSMTIMER_BG96	48	static,ignoring_inline_asm
at_custom_modem_signalling.c:1692:17:fRspAnalyze_COPS_BG96	24	static
