at_custom_modem_signalling.c:92:13:fCmdBuild_ATD_TYPE1SC	24	static
at_custom_modem_signalling.c:109:13:fCmdBuild_SETCFG_TYPE1SC	16	static
at_custom_modem_signalling.c:177:13:fCmdBuild_GETCFG_TYPE1SC	8	static
at_custom_modem_signalling.c:226:13:fCmdBuild_GETSYSCFG_TYPE1SC	8	static
at_custom_modem_signalling.c:255:13:fCmdBuild_SETBDELAY_TYPE1SC	16	static
at_custom_modem_signalling.c:268:13:fCmdBuild_PDNSET_TYPE1SC	48	static
at_custom_modem_signalling.c:329:13:fCmdBuild_PDNRDP_TYPE1SC	24	static
at_custom_modem_signalling.c:355:13:fCmdBuild_NOTIFYEV_TYPE1SC	8	static
at_custom_modem_signalling.c:392:17:fRspAnalyze_Error_TYPE1SC	24	static
at_custom_modem_signalling.c:464:17:fRspAnalyze_CPIN_TYPE1SC	32	static
at_custom_modem_signalling.c:495:17:fRspAnalyze_CFUN_TYPE1SC	32	static
at_custom_modem_signalling.c:515:17:fRspAnalyze_CCID_TYPE1SC	40	static
at_custom_modem_signalling.c:555:17:fRspAnalyze_GETCFG_TYPE1SC	16	static
at_custom_modem_signalling.c:585:17:fRspAnalyze_PDNRDP_TYPE1SC	120	static
at_custom_modem_signalling.c:654:17:fRspAnalyze_NOTIFYEV_TYPE1SC	88	static
at_custom_modem_signalling.c:919:13:fCmdBuild_SETSYSCFG_TYPE1SC	16	static
at_custom_modem_signalling.c:972:17:fRspAnalyze_GETSYSCFG_TYPE1SC	80	static
