trace_interface.c:288:13:traceIF_uartTransmit	24	static
trace_interface.c:262:13:ITM_Out	0	static,ignoring_inline_asm
trace_interface.c:305:6:traceIF_trace_off	0	static
trace_interface.c:314:6:traceIF_trace_on	0	static
trace_interface.c:326:6:traceIF_itmPrint	16	static
trace_interface.c:93:13:CMD_ComponentEnableDisable	24	static
trace_interface.c:144:13:traceIF_cmd_Help	16	static
trace_interface.c:176:21:traceIF_cmd	72	static
trace_interface.c:354:6:traceIF_uartPrint	8	static
trace_interface.c:378:6:traceIF_itmPrintForce	16	static
trace_interface.c:397:6:traceIF_uartPrintForce	0	static
trace_interface.c:416:6:traceIF_hexPrint	24	static
trace_interface.c:468:6:traceIF_BufCharPrint	40	static
trace_interface.c:516:6:traceIF_BufHexPrint	40	static
trace_interface.c:543:6:traceIF_init	8	static
trace_interface.c:558:6:traceIF_start	0	static
