com_sockets_ip_modem.c:492:23:com_ip_modem_find_socket	8	static
com_sockets_ip_modem.c:1057:13:com_ip_modem_closing_cb	24	static
com_sockets_ip_modem.c:1005:13:com_ip_modem_data_received_cb	24	static
com_sockets_ip_modem.c:1162:13:com_ip_modem_ping_rsp_cb	40	static
com_sockets_ip_modem.c:441:13:com_ip_modem_delete_socket_desc	16	static
com_sockets_ip_modem.c:534:13:com_ip_modem_empty_queue	32	static
com_sockets_ip_modem.c:654:13:com_convert_IPString_to_sockaddr	48	static
com_sockets_ip_modem.c:1100:13:com_socket_datacache_cb	24	static
com_sockets_ip_modem.c:597:13:com_translate_ip_address	24	static
com_sockets_ip_modem.c:829:16:com_ip_modem_connect_udp_service	24	static,ignoring_inline_asm
com_sockets_ip_modem.c:304:23:com_ip_modem_create_socket_desc	16	static
com_sockets_ip_modem.c:336:23:com_ip_modem_provide_socket_desc	24	static
com_sockets_ip_modem.c:1483:9:com_setsockopt_ip_modem	24	static,ignoring_inline_asm
com_sockets_ip_modem.c:1581:9:com_getsockopt_ip_modem	24	static,ignoring_inline_asm
com_sockets_ip_modem.c:1668:9:com_bind_ip_modem	72	static,ignoring_inline_asm
com_sockets_ip_modem.c:1727:9:com_listen_ip_modem	0	static
com_sockets_ip_modem.c:1745:9:com_accept_ip_modem	0	static
com_sockets_ip_modem.c:1764:9:com_connect_ip_modem	64	static,ignoring_inline_asm
com_sockets_ip_modem.c:2086:9:com_sendto_ip_modem	112	static,ignoring_inline_asm
com_sockets_ip_modem.c:1912:9:com_send_ip_modem	40	static,ignoring_inline_asm
com_sockets_ip_modem.c:2315:9:com_recv_ip_modem	40	static,ignoring_inline_asm
com_sockets_ip_modem.c:2482:9:com_recvfrom_ip_modem	96	static,ignoring_inline_asm
com_sockets_ip_modem.c:2707:9:com_closesocket_ip_modem	16	static,ignoring_inline_asm
com_sockets_ip_modem.c:1334:9:com_socket_ip_modem	24	static,ignoring_inline_asm
com_sockets_ip_modem.c:2762:9:com_gethostbyname_ip_modem	144	static,ignoring_inline_asm
com_sockets_ip_modem.c:2823:9:com_getpeername_ip_modem	0	static
com_sockets_ip_modem.c:2842:9:com_getsockname_ip_modem	0	static
com_sockets_ip_modem.c:2861:9:com_ping_ip_modem	8	static,ignoring_inline_asm
com_sockets_ip_modem.c:2898:9:com_ping_process_ip_modem	144	static,ignoring_inline_asm
com_sockets_ip_modem.c:3110:9:com_closeping_ip_modem	8	static
com_sockets_ip_modem.c:3152:6:com_init_ip_modem	8	static
com_sockets_ip_modem.c:3214:6:com_start_ip_modem	16	static
