at_custom_modem_socket.c:96:13:fCmdBuild_QIACT_HL78	24	static
at_custom_modem_socket.c:119:13:fCmdBuild_QIOPEN_HL78	48	static
at_custom_modem_socket.c:201:13:fCmdBuild_QICLOSE_HL78	16	static
at_custom_modem_socket.c:226:13:fCmdBuild_QISEND_HL78	24	static
at_custom_modem_socket.c:270:13:fCmdBuild_QISEND_WRITE_DATA_HL78	16	static
at_custom_modem_socket.c:301:13:fCmdBuild_QIRD_HL78	24	static
at_custom_modem_socket.c:343:13:fCmdBuild_QISTATE_HL78	16	static
at_custom_modem_socket.c:365:13:fCmdBuild_QIDNSCFG_HL78	16	static
at_custom_modem_socket.c:394:13:fCmdBuild_QIDNSGIP_HL78	16	static
at_custom_modem_socket.c:414:13:fCmdBuild_QPING_HL78	24	static
at_custom_modem_socket.c:439:17:fRspAnalyze_QIACT_HL78	120	static,ignoring_inline_asm
at_custom_modem_socket.c:528:17:fRspAnalyze_QIOPEN_HL78	48	static,ignoring_inline_asm
at_custom_modem_socket.c:591:17:fRspAnalyze_QIRD_HL78	48	static,ignoring_inline_asm
at_custom_modem_socket.c:707:17:fRspAnalyze_QIRD_data_HL78	16	static
at_custom_modem_socket.c:739:17:fRspAnalyze_QISTATE_HL78	64	static,ignoring_inline_asm
at_custom_modem_socket.c:855:17:fRspAnalyze_QINDCFG_HL78	8	static
at_custom_modem_socket.c:871:17:fRspAnalyze_QPING_HL78	48	static,ignoring_inline_asm
