cellular_app_echoclient.c:334:17:echoclient_format_buffer	48	static
cellular_app_echoclient.c:795:13:echoclient_is_blocked	8	static
cellular_app_echoclient.c:389:13:echoclient_process	104	static
cellular_app_echoclient.c:650:13:echoclient_performance_iteration.part.0.constprop	32	static,ignoring_inline_asm
cellular_app_echoclient.c:846:13:echoclient_thread	264	static
cellular_app_echoclient.c:1032:6:cellular_app_echoclient_send_msg	64	static
cellular_app_echoclient.c:1074:31:cellular_app_echoclient_get_status	0	static
cellular_app_echoclient.c:1093:6:cellular_app_echoclient_set_status	40	static
cellular_app_echoclient.c:1141:6:cellular_app_echoclient_set_period	0	static
cellular_app_echoclient.c:1164:6:cellular_app_echoclient_set_snd_buffer_len	16	static
cellular_app_echoclient.c:1192:6:cellular_app_echoclient_set_protocol	40	static
cellular_app_echoclient.c:1240:6:cellular_app_echoclient_distant_change	40	static
cellular_app_echoclient.c:1265:6:cellular_app_echoclient_get_socket_stat	12	static
cellular_app_echoclient.c:1284:6:cellular_app_echoclient_reset_socket_stat	0	static
cellular_app_echoclient.c:1297:6:cellular_app_echoclient_get_performance_status	0	static
cellular_app_echoclient.c:1308:6:cellular_app_echoclient_performance	8	static
cellular_app_echoclient.c:1346:6:cellular_app_echoclient_display_status	64	static
cellular_app_echoclient.c:1414:6:cellular_app_echoclient_init	32	static
cellular_app_echoclient.c:1508:6:cellular_app_echoclient_start	40	static
