cellular_control_api.c:119:13:cellular_api_fill_string	24	static
cellular_control_api.c:144:26:cellular_api_register_general_cb	16	static
cellular_control_api.c:561:6:cellular_get_cellular_info.part.0	704	static
cellular_control_api.c:940:6:cellular_get_signal_info.part.0	32	static
cellular_control_api.c:963:6:cellular_get_sim_info.part.0	712	static
cellular_control_api.c:1026:6:cellular_get_nfmc_info.part.0	56	static
cellular_control_api.c:1133:6:cellular_get_ip_info.part.0	24	static
cellular_control_api.c:183:13:cellular_api_general_data_cache_callback	8	static,ignoring_inline_asm
cellular_control_api.c:271:6:cellular_init	72	static
cellular_control_api.c:315:6:cellular_start	8	static
cellular_control_api.c:355:6:cellular_modem_start	8	static
cellular_control_api.c:371:19:cellular_modem_stop	32	static
cellular_control_api.c:410:19:cellular_connect	24	static
cellular_control_api.c:441:19:cellular_disconnect	24	static
cellular_control_api.c:468:10:cellular_get_major_version	0	static
cellular_control_api.c:478:9:cellular_get_minor_version	0	static
cellular_control_api.c:488:9:cellular_get_patch_version	0	static
cellular_control_api.c:498:6:cellular_version_is_release	0	static
cellular_control_api.c:514:10:cellular_get_version	0	static
cellular_control_api.c:529:6:cellular_get_string_version	24	static
cellular_control_api.c:561:6:cellular_get_cellular_info	0	static
cellular_control_api.c:623:19:cellular_set_pdn	448	static
cellular_control_api.c:749:19:cellular_set_sim_slot_order	448	static
cellular_control_api.c:822:19:cellular_set_operator	448	static
cellular_control_api.c:898:19:cellular_set_nwk_attachment_timeout	448	static
cellular_control_api.c:940:6:cellular_get_signal_info	0	static
cellular_control_api.c:963:6:cellular_get_sim_info	0	static
cellular_control_api.c:1026:6:cellular_get_nfmc_info	0	static
cellular_control_api.c:1063:19:cellular_set_nfmc	456	static
cellular_control_api.c:1133:6:cellular_get_ip_info	0	static
cellular_control_api.c:1283:19:cellular_info_cb_registration	16	static,ignoring_inline_asm
cellular_control_api.c:1341:19:cellular_info_cb_deregistration	0	static
cellular_control_api.c:1370:19:cellular_signal_info_cb_registration	16	static,ignoring_inline_asm
cellular_control_api.c:1429:19:cellular_signal_info_cb_deregistration	0	static
cellular_control_api.c:1458:19:cellular_sim_info_cb_registration	16	static,ignoring_inline_asm
cellular_control_api.c:1517:19:cellular_sim_info_cb_deregistration	0	static
cellular_control_api.c:1546:19:cellular_nfmc_info_cb_registration	16	static,ignoring_inline_asm
cellular_control_api.c:1605:19:cellular_nfmc_info_cb_deregistration	0	static
cellular_control_api.c:1634:19:cellular_ip_info_cb_registration	16	static,ignoring_inline_asm
cellular_control_api.c:1693:19:cellular_ip_info_cb_deregistration	0	static
