cellular_service_task.c:222:6:CST_send_message	8	static
cellular_service_task.c:385:13:CST_fota_timer_callback	0	static
cellular_service_task.c:372:13:CST_network_status_timer_callback	0	static
cellular_service_task.c:342:13:CST_pdn_activate_retry_timer_callback	8	static
cellular_service_task.c:316:13:CST_polling_timer_callback	0	static
cellular_service_task.c:251:13:CST_pdn_event_callback	16	static
cellular_service_task.c:2507:6:CST_set_state	8	static
cellular_service_task.c:358:13:CST_register_retry_timer_callback	8	static
cellular_service_task.c:650:13:CST_reboot_modem_event_mngt	8	static
cellular_service_task.c:396:13:CST_SimEventsCallback	24	static
cellular_service_task.c:1400:13:CST_target_state_cmd_event_mngt	16	static,ignoring_inline_asm
cellular_service_task.c:672:13:CST_fota_start_event_mngt	16	static
cellular_service_task.c:1001:13:CST_network_event_mngt	8	static
cellular_service_task.c:1303:13:CST_modem_activate_pdn_mngt	16	static
cellular_service_task.c:1373:13:CST_pdn_event_mngt	16	static
cellular_service_task.c:272:13:CST_notif_callback	16	static,ignoring_inline_asm
cellular_service_task.c:2523:19:CST_get_state	0	static
cellular_service_task.c:2532:13:CST_radio_on	8	static
cellular_service_task.c:2544:13:CST_modem_power_on	8	static
cellular_service_task.c:2557:13:CST_get_dev_IP_address	16	static
cellular_service_task.c:2334:13:CST_cellular_service_task	120	static,ignoring_inline_asm
cellular_service_task.c:2570:13:CST_cellular_service_init	32	static
cellular_service_task.c:2632:13:CST_cellular_service_start	80	static
