cellular_service_cmd.c:3684:13:CST_cellular_direct_cmd_callback	0	static
cellular_service_cmd.c:1849:13:CST_CMD_display_bitmap_name	24	static
cellular_service_cmd.c:1795:17:CST_CMD_get_band	56	static
cellular_service_cmd.c:1907:13:CST_ModemHelpCmd	16	static
cellular_service_cmd.c:3693:13:cst_at_cmd_help	16	static
cellular_service_cmd.c:419:13:CST_HelpCmd	16	static
cellular_service_cmd.c:305:13:CST_setTextToStr	16	static
cellular_service_cmd.c:456:21:CST_cmd	360	static,ignoring_inline_asm
cellular_service_cmd.c:3707:21:cst_at_command_handle	8	static
cellular_service_cmd.c:3740:21:CST_AtCmd	16	static
cellular_service_cmd.c:1889:13:CST_CMD_display_seq_name.constprop	24	static
cellular_service_cmd.c:1978:21:CST_ModemCmd	112	static
cellular_service_cmd.c:3854:13:CST_cmd_cellular_service_start	8	static
