at_custom_modem_signalling.c:667:15:orp_storage_add_msg	24	static
at_custom_modem_signalling.c:923:13:orpMsgIsAnURC	8	static
at_custom_modem_signalling.c:128:13:fCmdBuild_ATD_WP77	24	static
at_custom_modem_signalling.c:147:13:fCmdBuild_CGSN_WP77	16	static
at_custom_modem_signalling.c:164:13:fCmdBuild_CGDCONT_WP77	16	static
at_custom_modem_signalling.c:176:13:fCmdBuild_COPS_WP77	16	static
at_custom_modem_signalling.c:205:13:fCmdBuild_KCELL_WP77	8	static
at_custom_modem_signalling.c:220:13:fCmdBuild_WDSI_WP77	8	static
at_custom_modem_signalling.c:237:17:fRspAnalyze_Error_WP77	32	static
at_custom_modem_signalling.c:341:17:fRspAnalyze_CPIN_WP77	32	static
at_custom_modem_signalling.c:373:17:fRspAnalyze_CFUN_WP77	32	static
at_custom_modem_signalling.c:400:17:fRspAnalyze_SELRAT_WP77	40	static
at_custom_modem_signalling.c:456:17:fRspAnalyze_BAND_WP77	16	static
at_custom_modem_signalling.c:467:17:fRspAnalyze_SELACQ_WP77	16	static
at_custom_modem_signalling.c:490:17:fRspAnalyze_GSTATUS_WP77	16	static
at_custom_modem_signalling.c:500:17:fRspAnalyze_CCID_WP77	40	static,ignoring_inline_asm
at_custom_modem_signalling.c:544:17:fRspAnalyze_KCELL_WP77	16	static
at_custom_modem_signalling.c:562:17:fRspAnalyze_WDSI_WP77	40	static,ignoring_inline_asm
at_custom_modem_signalling.c:600:17:fRspAnalyze_CGMR_WP77	24	static
at_custom_modem_signalling.c:624:17:fRspAnalyze_COPS_WP77	24	static
at_custom_modem_signalling.c:705:8:orp_storage_get_msg	24	static
at_custom_modem_signalling.c:738:13:fCmdBuild_ORP	16	static
at_custom_modem_signalling.c:786:17:fRspAnalyze_ORP	56	dynamic
