at_custom_modem_signalling.c:681:15:orp_storage_add_msg	24	static
at_custom_modem_signalling.c:934:13:orpMsgIsAnURC	8	static
at_custom_modem_signalling.c:128:13:fCmdBuild_ATD_WP77	24	static
at_custom_modem_signalling.c:147:13:fCmdBuild_CGSN_WP77	16	static
at_custom_modem_signalling.c:164:13:fCmdBuild_CGDCONT_WP77	16	static
at_custom_modem_signalling.c:176:13:fCmdBuild_COPS_WP77	16	static
at_custom_modem_signalling.c:205:13:fCmdBuild_KCELL_WP77	8	static
at_custom_modem_signalling.c:220:13:fCmdBuild_WDSI_WP77	8	static
at_custom_modem_signalling.c:235:13:fCmdBuild_KSREP_WP77	8	static
at_custom_modem_signalling.c:251:17:fRspAnalyze_Error_WP77	32	static
at_custom_modem_signalling.c:355:17:fRspAnalyze_CPIN_WP77	32	static
at_custom_modem_signalling.c:387:17:fRspAnalyze_CFUN_WP77	32	static
at_custom_modem_signalling.c:414:17:fRspAnalyze_SELRAT_WP77	40	static
at_custom_modem_signalling.c:470:17:fRspAnalyze_BAND_WP77	16	static
at_custom_modem_signalling.c:481:17:fRspAnalyze_SELACQ_WP77	16	static
at_custom_modem_signalling.c:504:17:fRspAnalyze_GSTATUS_WP77	16	static
at_custom_modem_signalling.c:514:17:fRspAnalyze_CCID_WP77	40	static,ignoring_inline_asm
at_custom_modem_signalling.c:558:17:fRspAnalyze_KCELL_WP77	16	static
at_custom_modem_signalling.c:576:17:fRspAnalyze_WDSI_WP77	40	static,ignoring_inline_asm
at_custom_modem_signalling.c:614:17:fRspAnalyze_CGMR_WP77	24	static
at_custom_modem_signalling.c:638:17:fRspAnalyze_COPS_WP77	24	static
at_custom_modem_signalling.c:719:8:orp_storage_get_msg	24	static
at_custom_modem_signalling.c:752:13:fCmdBuild_ORP	16	static
at_custom_modem_signalling.c:800:17:fRspAnalyze_ORP	56	dynamic
