cellular_service_utils.c:278:13:CST_location_info_callback	8	static
cellular_service_utils.c:243:13:CST_network_reg_callback	8	static
cellular_service_utils.c:289:13:CST_modem_event_callback	8	static
cellular_service_utils.c:357:20:cst_convert_access_techno	8	static
cellular_service_utils.c:763:7:CST_data_cache_cellular_info_set	264	static
cellular_service_utils.c:1072:6:CST_config_fail	40	static
cellular_service_utils.c:1024:13:CST_modem_define_pdn	104	static
cellular_service_utils.c:388:7:CST_modem_sim_init	344	static,ignoring_inline_asm
cellular_service_utils.c:1114:13:CST_set_signal_quality	40	static
cellular_service_utils.c:1179:6:CST_subscribe_modem_events	8	static
cellular_service_utils.c:1198:19:CST_get_autom_event	8	static,ignoring_inline_asm
cellular_service_utils.c:1285:23:CST_get_network_status	128	static
cellular_service_utils.c:1372:6:CST_set_modem_state	248	static
cellular_service_utils.c:1394:13:CST_modem_power_off	232	static
cellular_service_utils.c:1445:9:CST_get_sim_slot_index	0	static
