cellular_service_cmd.c:2208:13:CST_cellular_direct_cmd_callback	0	static
cellular_service_cmd.c:1749:14:CST_CMD_display_bitmap_name_altair	24	static
cellular_service_cmd.c:1764:13:CST_ModemHelpCmd	24	static
cellular_service_cmd.c:2217:13:cst_at_cmd_help	16	static
cellular_service_cmd.c:317:13:CST_HelpCmd	16	static
cellular_service_cmd.c:203:13:CST_setTextToStr	16	static
cellular_service_cmd.c:354:21:CST_cmd	408	static,ignoring_inline_asm
cellular_service_cmd.c:2231:21:cst_at_command_handle	8	static
cellular_service_cmd.c:1808:21:CST_ModemCmd	80	static
cellular_service_cmd.c:2264:21:CST_AtCmd	16	static
cellular_service_cmd.c:2378:13:CST_cmd_cellular_service_start	8	static
