cellular_service_task.c:221:6:CST_send_message	8	static
cellular_service_task.c:384:13:CST_fota_timer_callback	0	static
cellular_service_task.c:371:13:CST_network_status_timer_callback	0	static
cellular_service_task.c:341:13:CST_pdn_activate_retry_timer_callback	8	static
cellular_service_task.c:315:13:CST_polling_timer_callback	0	static
cellular_service_task.c:250:13:CST_pdn_event_callback	16	static
cellular_service_task.c:2506:6:CST_set_state	8	static
cellular_service_task.c:357:13:CST_register_retry_timer_callback	8	static
cellular_service_task.c:649:13:CST_reboot_modem_event_mngt	8	static
cellular_service_task.c:395:13:CST_SimEventsCallback	24	static
cellular_service_task.c:1399:13:CST_target_state_cmd_event_mngt	16	static,ignoring_inline_asm
cellular_service_task.c:671:13:CST_fota_start_event_mngt	16	static
cellular_service_task.c:1000:13:CST_network_event_mngt	8	static
cellular_service_task.c:1302:13:CST_modem_activate_pdn_mngt	16	static
cellular_service_task.c:1372:13:CST_pdn_event_mngt	16	static
cellular_service_task.c:271:13:CST_notif_callback	16	static,ignoring_inline_asm
cellular_service_task.c:2522:19:CST_get_state	0	static
cellular_service_task.c:2531:13:CST_radio_on	8	static
cellular_service_task.c:2543:13:CST_modem_power_on	8	static
cellular_service_task.c:2556:13:CST_get_dev_IP_address	16	static
cellular_service_task.c:2333:13:CST_cellular_service_task	120	static,ignoring_inline_asm
cellular_service_task.c:2569:13:CST_cellular_service_init	32	static
cellular_service_task.c:2631:13:CST_cellular_service_start	80	static
