cellular_service.c:2220:13:CELLULAR_reset_context	0	static
cellular_service.c:2174:20:perform_SW_reset	16	static
cellular_service.c:2148:20:perform_HW_reset	16	static
cellular_service.c:2767:23:convert_to_PDN_event.isra.0	0	static
cellular_service.c:2290:13:CELLULAR_urc_notif	168	static
cellular_service.c:2707:20:CELLULAR_analyze_error_report.constprop	16	static
cellular_service.c:125:13:CS_init	16	static
cellular_service.c:139:13:CS_power_on	8	static
cellular_service.c:178:13:CS_power_off	16	static
cellular_service.c:222:13:CS_check_connection	8	static
cellular_service.c:253:13:CS_sim_select	16	static
cellular_service.c:285:9:CS_sim_generic_access	24	static
cellular_service.c:360:13:CS_init_modem	40	static
cellular_service.c:397:13:CS_get_device_info	16	static
cellular_service.c:438:13:CS_register_net	16	static
cellular_service.c:485:13:CS_subscribe_net_event	16	static
cellular_service.c:545:13:CS_unsubscribe_net_event	16	static
cellular_service.c:604:13:CS_subscribe_sim_event	16	static
cellular_service.c:622:13:CS_attach_PS_domain	8	static
cellular_service.c:649:13:CS_detach_PS_domain	8	static
cellular_service.c:676:13:CS_get_attach_status	16	static
cellular_service.c:708:13:CS_get_net_status	8	static
cellular_service.c:745:13:CS_get_signal_quality	24	static
cellular_service.c:783:13:CS_activate_pdn	16	static
cellular_service.c:811:13:CS_deactivate_pdn	16	static
cellular_service.c:840:13:CS_define_pdn	152	static
cellular_service.c:904:13:CS_set_default_pdn	16	static
cellular_service.c:932:13:CS_get_dev_IP_address	104	static
cellular_service.c:976:13:CS_subscribe_modem_event	24	static
cellular_service.c:1010:13:CS_register_pdn_event	16	static
cellular_service.c:1050:13:CS_deregister_pdn_event	8	static
cellular_service.c:1098:17:CDS_socket_create	32	static
cellular_service.c:1127:13:CDS_socket_bind	16	static
cellular_service.c:1157:13:CDS_socket_set_callbacks	24	static
cellular_service.c:1222:13:CDS_socket_set_option	24	static
cellular_service.c:1238:13:CDS_socket_get_option	0	static
cellular_service.c:1255:13:CDS_socket_connect	24	static
cellular_service.c:1304:13:CDS_socket_listen	0	static
cellular_service.c:1320:13:CDS_socket_send	112	static
cellular_service.c:1385:13:CDS_socket_sendto	120	static
cellular_service.c:1458:9:CDS_socket_receive	120	static
cellular_service.c:1536:9:CDS_socket_receivefrom	184	static
cellular_service.c:1618:13:CDS_socket_close	16	static
cellular_service.c:1672:13:CDS_socket_cnx_status	24	static
cellular_service.c:1712:13:CS_suspend_data	8	static
cellular_service.c:1738:13:CS_resume_data	8	static
cellular_service.c:1764:13:CS_reset	24	static
cellular_service.c:1829:13:CS_dns_request	152	static
cellular_service.c:1879:13:CDS_ping	240	static
cellular_service.c:1940:13:CS_direct_cmd	8	static
cellular_service.c:1981:13:CS_InitPowerConfig	16	static
cellular_service.c:2020:13:CS_SetPowerConfig	8	static
cellular_service.c:2055:13:CS_SleepRequest	8	static
cellular_service.c:2079:13:CS_SleepComplete	8	static
cellular_service.c:2104:13:CS_SleepCancel	8	static
cellular_service.c:2128:13:CS_PowerWakeup	16	static
cellular_service.c:2817:13:CS_ComMdm_subscribe_event	8	static
cellular_service.c:2833:13:CS_ComMdm_transaction	48	static
cellular_service.c:2890:13:CS_ComMdm_send	48	static
cellular_service.c:2941:13:CS_ComMdm_receive	48	static
