stm32l4xx_hal_rtc.c:689:13:HAL_RTC_MspInit	0	static
stm32l4xx_hal_rtc.c:703:13:HAL_RTC_MspDeInit	0	static
stm32l4xx_hal_rtc.c:2080:19:HAL_RTC_DeactivateAlarm	16	static
stm32l4xx_hal_rtc.c:2244:6:HAL_RTC_DST_Add1Hour	0	static
stm32l4xx_hal_rtc.c:2257:6:HAL_RTC_DST_Sub1Hour	0	static
stm32l4xx_hal_rtc.c:2270:6:HAL_RTC_DST_SetStoreOperation	0	static
stm32l4xx_hal_rtc.c:2282:6:HAL_RTC_DST_ClearStoreOperation	0	static
stm32l4xx_hal_rtc.c:2294:10:HAL_RTC_DST_ReadStoreOperation	0	static
stm32l4xx_hal_rtc.c:2380:13:HAL_RTC_AlarmAEventCallback	0	static
stm32l4xx_hal_rtc.c:2304:6:HAL_RTC_AlarmIRQHandler	8	static
stm32l4xx_hal_rtc.c:2395:19:HAL_RTC_PollForAlarmAEvent	16	static
stm32l4xx_hal_rtc.c:2451:19:HAL_RTC_WaitForSynchro	16	static
stm32l4xx_hal_rtc.c:2501:21:HAL_RTC_GetState	0	static
stm32l4xx_hal_rtc.c:2524:19:RTC_EnterInitMode	24	static
stm32l4xx_hal_rtc.c:2571:19:RTC_ExitInitMode	8	static
stm32l4xx_hal_rtc.c:245:19:HAL_RTC_Init	16	static
stm32l4xx_hal_rtc.c:376:19:HAL_RTC_DeInit	16	static
stm32l4xx_hal_rtc.c:2608:9:RTC_ByteToBcd2	0	static
stm32l4xx_hal_rtc.c:1434:19:HAL_RTC_SetTime	24	static
stm32l4xx_hal_rtc.c:1584:19:HAL_RTC_SetDate	24	static
stm32l4xx_hal_rtc.c:1719:19:HAL_RTC_SetAlarm	40	static
stm32l4xx_hal_rtc.c:1898:19:HAL_RTC_SetAlarm_IT	40	static
stm32l4xx_hal_rtc.c:2625:9:RTC_Bcd2ToByte	0	static
stm32l4xx_hal_rtc.c:1537:19:HAL_RTC_GetTime	16	static
stm32l4xx_hal_rtc.c:1663:19:HAL_RTC_GetDate	16	static
stm32l4xx_hal_rtc.c:2175:19:HAL_RTC_GetAlarm	8	static
