stm32l4xx_hal_uart.c:3530:13:UART_EndRxTransfer	0	static
stm32l4xx_hal_uart.c:3916:13:UART_TxISR_8BIT	0	static
stm32l4xx_hal_uart.c:3945:13:UART_TxISR_16BIT	0	static
stm32l4xx_hal_uart.c:4012:13:UART_TxISR_16BIT_FIFOEN	8	static
stm32l4xx_hal_uart.c:3977:13:UART_TxISR_8BIT_FIFOEN	8	static
stm32l4xx_hal_uart.c:662:13:HAL_UART_MspInit	0	static
stm32l4xx_hal_uart.c:676:13:HAL_UART_MspDeInit	0	static
stm32l4xx_hal_uart.c:617:19:HAL_UART_DeInit	16	static
stm32l4xx_hal_uart.c:1274:19:HAL_UART_Transmit_IT	8	static
stm32l4xx_hal_uart.c:1391:19:HAL_UART_Transmit_DMA	24	static
stm32l4xx_hal_uart.c:1494:19:HAL_UART_DMAPause	8	static
stm32l4xx_hal_uart.c:1525:19:HAL_UART_DMAResume	0	static
stm32l4xx_hal_uart.c:1554:19:HAL_UART_DMAStop	16	static
stm32l4xx_hal_uart.c:1620:19:HAL_UART_Abort	8	static
stm32l4xx_hal_uart.c:1720:19:HAL_UART_AbortTransmit	8	static
stm32l4xx_hal_uart.c:1779:19:HAL_UART_AbortReceive	8	static
stm32l4xx_hal_uart.c:2507:13:HAL_UART_TxCpltCallback	0	static
stm32l4xx_hal_uart.c:3559:13:UART_DMATransmitCplt	8	static
stm32l4xx_hal_uart.c:2521:13:HAL_UART_TxHalfCpltCallback	0	static
stm32l4xx_hal_uart.c:3590:13:UART_DMATxHalfCplt	8	static
stm32l4xx_hal_uart.c:2535:13:HAL_UART_RxCpltCallback	0	static
stm32l4xx_hal_uart.c:2549:13:HAL_UART_RxHalfCpltCallback	0	static
stm32l4xx_hal_uart.c:2563:13:HAL_UART_ErrorCallback	0	static
stm32l4xx_hal_uart.c:3688:13:UART_DMAError	8	static
stm32l4xx_hal_uart.c:3725:13:UART_DMAAbortOnError	8	static
stm32l4xx_hal_uart.c:2577:13:HAL_UART_AbortCpltCallback	0	static
stm32l4xx_hal_uart.c:1848:19:HAL_UART_Abort_IT	8	static
stm32l4xx_hal_uart.c:3800:13:UART_DMARxAbortCallback	8	static
stm32l4xx_hal_uart.c:3747:13:UART_DMATxAbortCallback	8	static
stm32l4xx_hal_uart.c:2591:13:HAL_UART_AbortTransmitCpltCallback	0	static
stm32l4xx_hal_uart.c:1987:19:HAL_UART_AbortTransmit_IT	8	static
stm32l4xx_hal_uart.c:3849:13:UART_DMATxOnlyAbortCallback	8	static
stm32l4xx_hal_uart.c:2605:13:HAL_UART_AbortReceiveCpltCallback	0	static
stm32l4xx_hal_uart.c:2074:19:HAL_UART_AbortReceive_IT	8	static
stm32l4xx_hal_uart.c:3882:13:UART_DMARxOnlyAbortCallback	8	static
stm32l4xx_hal_uart.c:2621:13:HAL_UARTEx_RxEventCallback	0	static
stm32l4xx_hal_uart.c:2165:6:HAL_UART_IRQHandler	24	static
stm32l4xx_hal_uart.c:4072:13:UART_RxISR_8BIT	8	static
stm32l4xx_hal_uart.c:4139:13:UART_RxISR_16BIT	8	static
stm32l4xx_hal_uart.c:4209:13:UART_RxISR_8BIT_FIFOEN	40	static
stm32l4xx_hal_uart.c:4340:13:UART_RxISR_16BIT_FIFOEN	40	static
stm32l4xx_hal_uart.c:3658:13:UART_DMARxHalfCplt	8	static
stm32l4xx_hal_uart.c:3607:13:UART_DMAReceiveCplt	8	static
stm32l4xx_hal_uart.c:2668:6:HAL_UART_ReceiverTimeout_Config	0	static
stm32l4xx_hal_uart.c:2682:19:HAL_UART_EnableReceiverTimeout	0	static
stm32l4xx_hal_uart.c:2713:19:HAL_UART_DisableReceiverTimeout	0	static
stm32l4xx_hal_uart.c:2782:6:HAL_MultiProcessor_EnterMuteMode	0	static
stm32l4xx_hal_uart.c:2791:19:HAL_HalfDuplex_EnableTransmitter	0	static
stm32l4xx_hal_uart.c:2813:19:HAL_HalfDuplex_EnableReceiver	0	static
stm32l4xx_hal_uart.c:2835:19:HAL_LIN_SendBreak	0	static
stm32l4xx_hal_uart.c:2879:23:HAL_UART_GetState	0	static
stm32l4xx_hal_uart.c:2894:10:HAL_UART_GetError	0	static
stm32l4xx_hal_uart.c:2941:19:UART_SetConfig	24	static
stm32l4xx_hal_uart.c:3176:6:UART_AdvFeatureConfig	8	static
stm32l4xx_hal_uart.c:3312:19:UART_WaitOnFlagUntilTimeout	24	static
stm32l4xx_hal_uart.c:1118:19:HAL_UART_Transmit	40	static
stm32l4xx_hal_uart.c:1197:19:HAL_UART_Receive	40	static
stm32l4xx_hal_uart.c:3264:19:UART_CheckIdleState	32	static
stm32l4xx_hal_uart.c:322:19:HAL_UART_Init	8	static
stm32l4xx_hal_uart.c:389:19:HAL_HalfDuplex_Init	8	static
stm32l4xx_hal_uart.c:456:19:HAL_LIN_Init	16	static
stm32l4xx_hal_uart.c:547:19:HAL_MultiProcessor_Init	16	static
stm32l4xx_hal_uart.c:2744:19:HAL_MultiProcessor_EnableMuteMode	0	static
stm32l4xx_hal_uart.c:2763:19:HAL_MultiProcessor_DisableMuteMode	0	static
stm32l4xx_hal_uart.c:3378:19:UART_Start_Receive_IT	8	static
stm32l4xx_hal_uart.c:1354:19:HAL_UART_Receive_IT	4	static
stm32l4xx_hal_uart.c:3456:19:UART_Start_Receive_DMA	16	static
stm32l4xx_hal_uart.c:1462:19:HAL_UART_Receive_DMA	4	static
