stm32l4xx_hal_dma.c:1021:13:DMA_SetConfig	16	static
stm32l4xx_hal_dma.c:1065:13:DMA_CalcDMAMUXChannelBaseAndMask	0	static
stm32l4xx_hal_dma.c:154:19:HAL_DMA_Init	8	static
stm32l4xx_hal_dma.c:290:19:HAL_DMA_DeInit	16	static
stm32l4xx_hal_dma.c:425:19:HAL_DMA_Start	24	static
stm32l4xx_hal_dma.c:465:19:HAL_DMA_Start_IT	16	static
stm32l4xx_hal_dma.c:530:19:HAL_DMA_Abort	0	static
stm32l4xx_hal_dma.c:589:19:HAL_DMA_Abort_IT	8	static
stm32l4xx_hal_dma.c:652:19:HAL_DMA_PollForTransfer	32	static
stm32l4xx_hal_dma.c:774:6:HAL_DMA_IRQHandler	12	static
stm32l4xx_hal_dma.c:865:19:HAL_DMA_RegisterCallback	8	static
stm32l4xx_hal_dma.c:913:19:HAL_DMA_UnRegisterCallback	8	static
stm32l4xx_hal_dma.c:985:22:HAL_DMA_GetState	0	static
stm32l4xx_hal_dma.c:996:10:HAL_DMA_GetError	0	static
