13:35:36 **** Incremental Build of configuration Debug for project L4S5I_IOT01_WP77 ****
make -j12 all 
arm-none-eabi-gcc "P:/STM/STM32_SWI/i-cube-octave-wp77/en.x-cube-cellular_v6-0-0/STM32CubeExpansion_CELLULAR_V6.0.0/Projects/Misc/Samples/CellularSensors/Src/cellular_app_sensors.c" -mcpu=cortex-m4 -std=gnu11 -g3 -DUSE_HAL_DRIVER -DSTM32L4S5xx -DHAS_RTOS -DUSER_FLAG_MODEM_FORCE_NO_FLOW_CTRL -DHWREF_B_CELL_BG96_V2 '-DAPPLICATION_CONFIG_FILE="plf_cellular_app_sensors_config.h"' '-DAPPLICATION_THREAD_CONFIG_FILE="plf_cellular_app_sensors_thread_config.h"' -DDEBUG -DUSE_COM_MDM -c -I../../../../Core/Inc -I../../../../STM32_Cellular/Config -I../../../../STM32_Cellular/Target -I../../../../../../../Misc/Cmd/Inc -I../../../../../../../Misc/RTOS/FreeRTOS/Inc -I../../../../../../../../Drivers/CMSIS/Device/ST/STM32L4xx/Include -I../../../../../../../../Drivers/CMSIS/Include -I../../../../../../../../Drivers/STM32L4xx_HAL_Driver/Inc -I../../../../../../../../Drivers/STM32L4xx_HAL_Driver/Inc/Legacy -I../../../../../../../../Middlewares/ST/STM32_Cellular/Core/AT_Core/Inc -I../../../../../../../../Middlewares/ST/STM32_Cellular/Core/Cellular_Service/Inc -I../../../../../../../../Middlewares/ST/STM32_Cellular/Core/Data_Cache/Inc -I../../../../../../../../Middlewares/ST/STM32_Cellular/Core/Error/Inc -I../../../../../../../../Middlewares/ST/STM32_Cellular/Core/Ipc/Inc -I../../../../../../../../Middlewares/ST/STM32_Cellular/Core/PPPosif/Inc -I../../../../../../../../Middlewares/ST/STM32_Cellular/Core/Runtime_Library/Inc -I../../../../../../../../Middlewares/ST/STM32_Cellular/Core/Rtosal/Inc -I../../../../../../../../Middlewares/ST/STM32_Cellular/Core/Trace/Inc -I../../../../../../../../Middlewares/ST/STM32_Cellular/Interface/Cellular_Ctrl/Inc -I../../../../../../../../Middlewares/ST/STM32_Cellular/Interface/Com/Inc -I../../../../../../../../Middlewares/Third_Party/FreeRTOS/Source/CMSIS_RTOS -I../../../../../../../../Middlewares/Third_Party/FreeRTOS/Source/include -I../../../../../../../../Middlewares/Third_Party/FreeRTOS/Source/portable/GCC/ARM_CM4F -I../../../../../../../../Middlewares/Third_Party/LwIP/system/arch -I../../../../../../../../Middlewares/Third_Party/LwIP/src/include -I../../../../../../../../Middlewares/Third_Party/LwIP/src/include/lwip/prot -I../../../../../../../../Middlewares/Third_Party/LwIP/src/include/netif/ppp -I../../../../../../../../Middlewares/Third_Party/LwIP/system -I../../../../../../../../Drivers/BSP/X_STMOD_PLUS_MODEMS/WP77/AT_modem_wp77/Inc -I../../../../../../../../Drivers/BSP/B-L4S5I-IOT01A/Components/Common -I../../../../../../../../Drivers/BSP/B-L4S5I-IOT01A -I../../../../../../../Misc/Samples/CellularSensors/Inc -I../../../../../../../../Drivers/BSP/B-L4S5I-IOT01A/Components/hts221 -I../../../../../../../../Drivers/BSP/B-L4S5I-IOT01A/Components/lis3mdl -I../../../../../../../../Drivers/BSP/B-L4S5I-IOT01A/Components/lps22hb -I../../../../../../../../Drivers/BSP/B-L4S5I-IOT01A/Components/lsm6dsl -I../../../../../../../../Middlewares/Third_Party/ORP_Octave/inc -Os -ffunction-sections -fdata-sections -Wall -fstack-usage -MMD -MP -MF"Misc/Samples/Cellular_Sensors/Src/cellular_app_sensors.d" -MT"Misc/Samples/Cellular_Sensors/Src/cellular_app_sensors.o"  -mfpu=fpv4-sp-d16 -mfloat-abi=hard -mthumb -o "Misc/Samples/Cellular_Sensors/Src/cellular_app_sensors.o"
arm-none-eabi-gcc -o "L4S5I_IOT01_WP77.elf" @"objects.list"   -mcpu=cortex-m4 -T"P:\STM\STM32_SWI\i-cube-octave-wp77\en.x-cube-cellular_v6-0-0\STM32CubeExpansion_CELLULAR_V6.0.0\Projects\B-L4S5I-IOT01A\Demonstrations\Cellular\IDE\STM32CubeIDE\L4S5I_IOT01_WP77\STM32L4S5VITX_FLASH.ld" --specs=nosys.specs -Wl,-Map="L4S5I_IOT01_WP77.map" -Wl,--gc-sections -static -u_printf_float  -mfpu=fpv4-sp-d16 -mfloat-abi=hard -mthumb -Wl,--start-group -lc -lm -Wl,--end-group
Finished building target: L4S5I_IOT01_WP77.elf
 
arm-none-eabi-objdump -h -S  L4S5I_IOT01_WP77.elf  > "L4S5I_IOT01_WP77.list"
arm-none-eabi-objcopy  -O binary  L4S5I_IOT01_WP77.elf  "L4S5I_IOT01_WP77.bin"
arm-none-eabi-size   L4S5I_IOT01_WP77.elf 
   text	   data	    bss	    dec	    hex	filename
 184144	   4060	  36680	 224884	  36e74	L4S5I_IOT01_WP77.elf
Finished building: default.size.stdout
 
Finished building: L4S5I_IOT01_WP77.bin
 
Finished building: L4S5I_IOT01_WP77.list
 
