11:49:34 **** Build of configuration Debug for project L4S5I_IOT01_BG96 ****
make -j12 all 
arm-none-eabi-gcc "P:/STM/STM32_SWI/x-cube-octave-wp77/en.x-cube-cellular_v6-0-0/STM32CubeExpansion_CELLULAR_V6.0.0/Middlewares/ST/STM32_Cellular/Interface/Cellular_Ctrl/Src/cellular_control_api.c" -mcpu=cortex-m4 -std=gnu11 -g3 -DUSE_HAL_DRIVER -DSTM32L4S5xx -DHAS_RTOS -DUSER_FLAG_MODEM_FORCE_NO_FLOW_CTRL -DHWREF_B_CELL_BG96_V2 '-DAPPLICATION_CONFIG_FILE="plf_cellular_app_config.h"' '-DAPPLICATION_THREAD_CONFIG_FILE="plf_cellular_app_thread_config.h"' -DDEBUG -c -I../../../../Core/Inc -I../../../../STM32_Cellular/Config -I../../../../STM32_Cellular/Target -I../../../../../../../Misc/Cmd/Inc -I../../../../../../../Misc/RTOS/FreeRTOS/Inc -I../../../../../../../Misc/Samples/Cellular/Inc -I../../../../../../../../Drivers/CMSIS/Device/ST/STM32L4xx/Include -I../../../../../../../../Drivers/CMSIS/Include -I../../../../../../../../Drivers/BSP/X_STMOD_PLUS_MODEMS/BG96/AT_modem_bg96/Inc -I../../../../../../../../Drivers/STM32L4xx_HAL_Driver/Inc -I../../../../../../../../Drivers/STM32L4xx_HAL_Driver/Inc/Legacy -I../../../../../../../../Middlewares/ST/STM32_Cellular/Core/AT_Core/Inc -I../../../../../../../../Middlewares/ST/STM32_Cellular/Core/Cellular_Service/Inc -I../../../../../../../../Middlewares/ST/STM32_Cellular/Core/Data_Cache/Inc -I../../../../../../../../Middlewares/ST/STM32_Cellular/Core/Error/Inc -I../../../../../../../../Middlewares/ST/STM32_Cellular/Core/Ipc/Inc -I../../../../../../../../Middlewares/ST/STM32_Cellular/Core/PPPosif/Inc -I../../../../../../../../Middlewares/ST/STM32_Cellular/Core/Runtime_Library/Inc -I../../../../../../../../Middlewares/ST/STM32_Cellular/Core/Rtosal/Inc -I../../../../../../../../Middlewares/ST/STM32_Cellular/Core/Trace/Inc -I../../../../../../../../Middlewares/ST/STM32_Cellular/Interface/Cellular_Ctrl/Inc -I../../../../../../../../Middlewares/ST/STM32_Cellular/Interface/Com/Inc -I../../../../../../../../Middlewares/Third_Party/FreeRTOS/Source/CMSIS_RTOS -I../../../../../../../../Middlewares/Third_Party/FreeRTOS/Source/include -I../../../../../../../../Middlewares/Third_Party/FreeRTOS/Source/portable/GCC/ARM_CM4F -I../../../../../../../../Middlewares/Third_Party/LwIP/system/arch -I../../../../../../../../Middlewares/Third_Party/LwIP/src/include -I../../../../../../../../Middlewares/Third_Party/LwIP/src/include/lwip/prot -I../../../../../../../../Middlewares/Third_Party/LwIP/src/include/netif/ppp -I../../../../../../../../Middlewares/Third_Party/LwIP/system -Os -ffunction-sections -fdata-sections -Wall -fstack-usage -MMD -MP -MF"Middlewares/Cellular/Interface/Control/cellular_control_api.d" -MT"Middlewares/Cellular/Interface/Control/cellular_control_api.o"  -mfpu=fpv4-sp-d16 -mfloat-abi=hard -mthumb -o "Middlewares/Cellular/Interface/Control/cellular_control_api.o"
arm-none-eabi-gcc "P:/STM/STM32_SWI/x-cube-octave-wp77/en.x-cube-cellular_v6-0-0/STM32CubeExpansion_CELLULAR_V6.0.0/Middlewares/ST/STM32_Cellular/Core/Cellular_Service/Src/cellular_service_cmd.c" -mcpu=cortex-m4 -std=gnu11 -g3 -DUSE_HAL_DRIVER -DSTM32L4S5xx -DHAS_RTOS -DUSER_FLAG_MODEM_FORCE_NO_FLOW_CTRL -DHWREF_B_CELL_BG96_V2 '-DAPPLICATION_CONFIG_FILE="plf_cellular_app_config.h"' '-DAPPLICATION_THREAD_CONFIG_FILE="plf_cellular_app_thread_config.h"' -DDEBUG -c -I../../../../Core/Inc -I../../../../STM32_Cellular/Config -I../../../../STM32_Cellular/Target -I../../../../../../../Misc/Cmd/Inc -I../../../../../../../Misc/RTOS/FreeRTOS/Inc -I../../../../../../../Misc/Samples/Cellular/Inc -I../../../../../../../../Drivers/CMSIS/Device/ST/STM32L4xx/Include -I../../../../../../../../Drivers/CMSIS/Include -I../../../../../../../../Drivers/BSP/X_STMOD_PLUS_MODEMS/BG96/AT_modem_bg96/Inc -I../../../../../../../../Drivers/STM32L4xx_HAL_Driver/Inc -I../../../../../../../../Drivers/STM32L4xx_HAL_Driver/Inc/Legacy -I../../../../../../../../Middlewares/ST/STM32_Cellular/Core/AT_Core/Inc -I../../../../../../../../Middlewares/ST/STM32_Cellular/Core/Cellular_Service/Inc -I../../../../../../../../Middlewares/ST/STM32_Cellular/Core/Data_Cache/Inc -I../../../../../../../../Middlewares/ST/STM32_Cellular/Core/Error/Inc -I../../../../../../../../Middlewares/ST/STM32_Cellular/Core/Ipc/Inc -I../../../../../../../../Middlewares/ST/STM32_Cellular/Core/PPPosif/Inc -I../../../../../../../../Middlewares/ST/STM32_Cellular/Core/Runtime_Library/Inc -I../../../../../../../../Middlewares/ST/STM32_Cellular/Core/Rtosal/Inc -I../../../../../../../../Middlewares/ST/STM32_Cellular/Core/Trace/Inc -I../../../../../../../../Middlewares/ST/STM32_Cellular/Interface/Cellular_Ctrl/Inc -I../../../../../../../../Middlewares/ST/STM32_Cellular/Interface/Com/Inc -I../../../../../../../../Middlewares/Third_Party/FreeRTOS/Source/CMSIS_RTOS -I../../../../../../../../Middlewares/Third_Party/FreeRTOS/Source/include -I../../../../../../../../Middlewares/Third_Party/FreeRTOS/Source/portable/GCC/ARM_CM4F -I../../../../../../../../Middlewares/Third_Party/LwIP/system/arch -I../../../../../../../../Middlewares/Third_Party/LwIP/src/include -I../../../../../../../../Middlewares/Third_Party/LwIP/src/include/lwip/prot -I../../../../../../../../Middlewares/Third_Party/LwIP/src/include/netif/ppp -I../../../../../../../../Middlewares/Third_Party/LwIP/system -Os -ffunction-sections -fdata-sections -Wall -fstack-usage -MMD -MP -MF"Middlewares/Cellular/Core/Cellular_Service/cellular_service_cmd.d" -MT"Middlewares/Cellular/Core/Cellular_Service/cellular_service_cmd.o"  -mfpu=fpv4-sp-d16 -mfloat-abi=hard -mthumb -o "Middlewares/Cellular/Core/Cellular_Service/cellular_service_cmd.o"
arm-none-eabi-gcc "P:/STM/STM32_SWI/x-cube-octave-wp77/en.x-cube-cellular_v6-0-0/STM32CubeExpansion_CELLULAR_V6.0.0/Middlewares/ST/STM32_Cellular/Core/Cellular_Service/Src/cellular_service_config.c" -mcpu=cortex-m4 -std=gnu11 -g3 -DUSE_HAL_DRIVER -DSTM32L4S5xx -DHAS_RTOS -DUSER_FLAG_MODEM_FORCE_NO_FLOW_CTRL -DHWREF_B_CELL_BG96_V2 '-DAPPLICATION_CONFIG_FILE="plf_cellular_app_config.h"' '-DAPPLICATION_THREAD_CONFIG_FILE="plf_cellular_app_thread_config.h"' -DDEBUG -c -I../../../../Core/Inc -I../../../../STM32_Cellular/Config -I../../../../STM32_Cellular/Target -I../../../../../../../Misc/Cmd/Inc -I../../../../../../../Misc/RTOS/FreeRTOS/Inc -I../../../../../../../Misc/Samples/Cellular/Inc -I../../../../../../../../Drivers/CMSIS/Device/ST/STM32L4xx/Include -I../../../../../../../../Drivers/CMSIS/Include -I../../../../../../../../Drivers/BSP/X_STMOD_PLUS_MODEMS/BG96/AT_modem_bg96/Inc -I../../../../../../../../Drivers/STM32L4xx_HAL_Driver/Inc -I../../../../../../../../Drivers/STM32L4xx_HAL_Driver/Inc/Legacy -I../../../../../../../../Middlewares/ST/STM32_Cellular/Core/AT_Core/Inc -I../../../../../../../../Middlewares/ST/STM32_Cellular/Core/Cellular_Service/Inc -I../../../../../../../../Middlewares/ST/STM32_Cellular/Core/Data_Cache/Inc -I../../../../../../../../Middlewares/ST/STM32_Cellular/Core/Error/Inc -I../../../../../../../../Middlewares/ST/STM32_Cellular/Core/Ipc/Inc -I../../../../../../../../Middlewares/ST/STM32_Cellular/Core/PPPosif/Inc -I../../../../../../../../Middlewares/ST/STM32_Cellular/Core/Runtime_Library/Inc -I../../../../../../../../Middlewares/ST/STM32_Cellular/Core/Rtosal/Inc -I../../../../../../../../Middlewares/ST/STM32_Cellular/Core/Trace/Inc -I../../../../../../../../Middlewares/ST/STM32_Cellular/Interface/Cellular_Ctrl/Inc -I../../../../../../../../Middlewares/ST/STM32_Cellular/Interface/Com/Inc -I../../../../../../../../Middlewares/Third_Party/FreeRTOS/Source/CMSIS_RTOS -I../../../../../../../../Middlewares/Third_Party/FreeRTOS/Source/include -I../../../../../../../../Middlewares/Third_Party/FreeRTOS/Source/portable/GCC/ARM_CM4F -I../../../../../../../../Middlewares/Third_Party/LwIP/system/arch -I../../../../../../../../Middlewares/Third_Party/LwIP/src/include -I../../../../../../../../Middlewares/Third_Party/LwIP/src/include/lwip/prot -I../../../../../../../../Middlewares/Third_Party/LwIP/src/include/netif/ppp -I../../../../../../../../Middlewares/Third_Party/LwIP/system -Os -ffunction-sections -fdata-sections -Wall -fstack-usage -MMD -MP -MF"Middlewares/Cellular/Core/Cellular_Service/cellular_service_config.d" -MT"Middlewares/Cellular/Core/Cellular_Service/cellular_service_config.o"  -mfpu=fpv4-sp-d16 -mfloat-abi=hard -mthumb -o "Middlewares/Cellular/Core/Cellular_Service/cellular_service_config.o"
arm-none-eabi-gcc "P:/STM/STM32_SWI/x-cube-octave-wp77/en.x-cube-cellular_v6-0-0/STM32CubeExpansion_CELLULAR_V6.0.0/Middlewares/ST/STM32_Cellular/Core/Cellular_Service/Src/cellular_service_os.c" -mcpu=cortex-m4 -std=gnu11 -g3 -DUSE_HAL_DRIVER -DSTM32L4S5xx -DHAS_RTOS -DUSER_FLAG_MODEM_FORCE_NO_FLOW_CTRL -DHWREF_B_CELL_BG96_V2 '-DAPPLICATION_CONFIG_FILE="plf_cellular_app_config.h"' '-DAPPLICATION_THREAD_CONFIG_FILE="plf_cellular_app_thread_config.h"' -DDEBUG -c -I../../../../Core/Inc -I../../../../STM32_Cellular/Config -I../../../../STM32_Cellular/Target -I../../../../../../../Misc/Cmd/Inc -I../../../../../../../Misc/RTOS/FreeRTOS/Inc -I../../../../../../../Misc/Samples/Cellular/Inc -I../../../../../../../../Drivers/CMSIS/Device/ST/STM32L4xx/Include -I../../../../../../../../Drivers/CMSIS/Include -I../../../../../../../../Drivers/BSP/X_STMOD_PLUS_MODEMS/BG96/AT_modem_bg96/Inc -I../../../../../../../../Drivers/STM32L4xx_HAL_Driver/Inc -I../../../../../../../../Drivers/STM32L4xx_HAL_Driver/Inc/Legacy -I../../../../../../../../Middlewares/ST/STM32_Cellular/Core/AT_Core/Inc -I../../../../../../../../Middlewares/ST/STM32_Cellular/Core/Cellular_Service/Inc -I../../../../../../../../Middlewares/ST/STM32_Cellular/Core/Data_Cache/Inc -I../../../../../../../../Middlewares/ST/STM32_Cellular/Core/Error/Inc -I../../../../../../../../Middlewares/ST/STM32_Cellular/Core/Ipc/Inc -I../../../../../../../../Middlewares/ST/STM32_Cellular/Core/PPPosif/Inc -I../../../../../../../../Middlewares/ST/STM32_Cellular/Core/Runtime_Library/Inc -I../../../../../../../../Middlewares/ST/STM32_Cellular/Core/Rtosal/Inc -I../../../../../../../../Middlewares/ST/STM32_Cellular/Core/Trace/Inc -I../../../../../../../../Middlewares/ST/STM32_Cellular/Interface/Cellular_Ctrl/Inc -I../../../../../../../../Middlewares/ST/STM32_Cellular/Interface/Com/Inc -I../../../../../../../../Middlewares/Third_Party/FreeRTOS/Source/CMSIS_RTOS -I../../../../../../../../Middlewares/Third_Party/FreeRTOS/Source/include -I../../../../../../../../Middlewares/Third_Party/FreeRTOS/Source/portable/GCC/ARM_CM4F -I../../../../../../../../Middlewares/Third_Party/LwIP/system/arch -I../../../../../../../../Middlewares/Third_Party/LwIP/src/include -I../../../../../../../../Middlewares/Third_Party/LwIP/src/include/lwip/prot -I../../../../../../../../Middlewares/Third_Party/LwIP/src/include/netif/ppp -I../../../../../../../../Middlewares/Third_Party/LwIP/system -Os -ffunction-sections -fdata-sections -Wall -fstack-usage -MMD -MP -MF"Middlewares/Cellular/Core/Cellular_Service/cellular_service_os.d" -MT"Middlewares/Cellular/Core/Cellular_Service/cellular_service_os.o"  -mfpu=fpv4-sp-d16 -mfloat-abi=hard -mthumb -o "Middlewares/Cellular/Core/Cellular_Service/cellular_service_os.o"
arm-none-eabi-gcc "P:/STM/STM32_SWI/x-cube-octave-wp77/en.x-cube-cellular_v6-0-0/STM32CubeExpansion_CELLULAR_V6.0.0/Middlewares/ST/STM32_Cellular/Core/Cellular_Service/Src/cellular_service_task.c" -mcpu=cortex-m4 -std=gnu11 -g3 -DUSE_HAL_DRIVER -DSTM32L4S5xx -DHAS_RTOS -DUSER_FLAG_MODEM_FORCE_NO_FLOW_CTRL -DHWREF_B_CELL_BG96_V2 '-DAPPLICATION_CONFIG_FILE="plf_cellular_app_config.h"' '-DAPPLICATION_THREAD_CONFIG_FILE="plf_cellular_app_thread_config.h"' -DDEBUG -c -I../../../../Core/Inc -I../../../../STM32_Cellular/Config -I../../../../STM32_Cellular/Target -I../../../../../../../Misc/Cmd/Inc -I../../../../../../../Misc/RTOS/FreeRTOS/Inc -I../../../../../../../Misc/Samples/Cellular/Inc -I../../../../../../../../Drivers/CMSIS/Device/ST/STM32L4xx/Include -I../../../../../../../../Drivers/CMSIS/Include -I../../../../../../../../Drivers/BSP/X_STMOD_PLUS_MODEMS/BG96/AT_modem_bg96/Inc -I../../../../../../../../Drivers/STM32L4xx_HAL_Driver/Inc -I../../../../../../../../Drivers/STM32L4xx_HAL_Driver/Inc/Legacy -I../../../../../../../../Middlewares/ST/STM32_Cellular/Core/AT_Core/Inc -I../../../../../../../../Middlewares/ST/STM32_Cellular/Core/Cellular_Service/Inc -I../../../../../../../../Middlewares/ST/STM32_Cellular/Core/Data_Cache/Inc -I../../../../../../../../Middlewares/ST/STM32_Cellular/Core/Error/Inc -I../../../../../../../../Middlewares/ST/STM32_Cellular/Core/Ipc/Inc -I../../../../../../../../Middlewares/ST/STM32_Cellular/Core/PPPosif/Inc -I../../../../../../../../Middlewares/ST/STM32_Cellular/Core/Runtime_Library/Inc -I../../../../../../../../Middlewares/ST/STM32_Cellular/Core/Rtosal/Inc -I../../../../../../../../Middlewares/ST/STM32_Cellular/Core/Trace/Inc -I../../../../../../../../Middlewares/ST/STM32_Cellular/Interface/Cellular_Ctrl/Inc -I../../../../../../../../Middlewares/ST/STM32_Cellular/Interface/Com/Inc -I../../../../../../../../Middlewares/Third_Party/FreeRTOS/Source/CMSIS_RTOS -I../../../../../../../../Middlewares/Third_Party/FreeRTOS/Source/include -I../../../../../../../../Middlewares/Third_Party/FreeRTOS/Source/portable/GCC/ARM_CM4F -I../../../../../../../../Middlewares/Third_Party/LwIP/system/arch -I../../../../../../../../Middlewares/Third_Party/LwIP/src/include -I../../../../../../../../Middlewares/Third_Party/LwIP/src/include/lwip/prot -I../../../../../../../../Middlewares/Third_Party/LwIP/src/include/netif/ppp -I../../../../../../../../Middlewares/Third_Party/LwIP/system -Os -ffunction-sections -fdata-sections -Wall -fstack-usage -MMD -MP -MF"Middlewares/Cellular/Core/Cellular_Service/cellular_service_task.d" -MT"Middlewares/Cellular/Core/Cellular_Service/cellular_service_task.o"  -mfpu=fpv4-sp-d16 -mfloat-abi=hard -mthumb -o "Middlewares/Cellular/Core/Cellular_Service/cellular_service_task.o"
arm-none-eabi-gcc "P:/STM/STM32_SWI/x-cube-octave-wp77/en.x-cube-cellular_v6-0-0/STM32CubeExpansion_CELLULAR_V6.0.0/Middlewares/ST/STM32_Cellular/Core/Cellular_Service/Src/cellular_service_utils.c" -mcpu=cortex-m4 -std=gnu11 -g3 -DUSE_HAL_DRIVER -DSTM32L4S5xx -DHAS_RTOS -DUSER_FLAG_MODEM_FORCE_NO_FLOW_CTRL -DHWREF_B_CELL_BG96_V2 '-DAPPLICATION_CONFIG_FILE="plf_cellular_app_config.h"' '-DAPPLICATION_THREAD_CONFIG_FILE="plf_cellular_app_thread_config.h"' -DDEBUG -c -I../../../../Core/Inc -I../../../../STM32_Cellular/Config -I../../../../STM32_Cellular/Target -I../../../../../../../Misc/Cmd/Inc -I../../../../../../../Misc/RTOS/FreeRTOS/Inc -I../../../../../../../Misc/Samples/Cellular/Inc -I../../../../../../../../Drivers/CMSIS/Device/ST/STM32L4xx/Include -I../../../../../../../../Drivers/CMSIS/Include -I../../../../../../../../Drivers/BSP/X_STMOD_PLUS_MODEMS/BG96/AT_modem_bg96/Inc -I../../../../../../../../Drivers/STM32L4xx_HAL_Driver/Inc -I../../../../../../../../Drivers/STM32L4xx_HAL_Driver/Inc/Legacy -I../../../../../../../../Middlewares/ST/STM32_Cellular/Core/AT_Core/Inc -I../../../../../../../../Middlewares/ST/STM32_Cellular/Core/Cellular_Service/Inc -I../../../../../../../../Middlewares/ST/STM32_Cellular/Core/Data_Cache/Inc -I../../../../../../../../Middlewares/ST/STM32_Cellular/Core/Error/Inc -I../../../../../../../../Middlewares/ST/STM32_Cellular/Core/Ipc/Inc -I../../../../../../../../Middlewares/ST/STM32_Cellular/Core/PPPosif/Inc -I../../../../../../../../Middlewares/ST/STM32_Cellular/Core/Runtime_Library/Inc -I../../../../../../../../Middlewares/ST/STM32_Cellular/Core/Rtosal/Inc -I../../../../../../../../Middlewares/ST/STM32_Cellular/Core/Trace/Inc -I../../../../../../../../Middlewares/ST/STM32_Cellular/Interface/Cellular_Ctrl/Inc -I../../../../../../../../Middlewares/ST/STM32_Cellular/Interface/Com/Inc -I../../../../../../../../Middlewares/Third_Party/FreeRTOS/Source/CMSIS_RTOS -I../../../../../../../../Middlewares/Third_Party/FreeRTOS/Source/include -I../../../../../../../../Middlewares/Third_Party/FreeRTOS/Source/portable/GCC/ARM_CM4F -I../../../../../../../../Middlewares/Third_Party/LwIP/system/arch -I../../../../../../../../Middlewares/Third_Party/LwIP/src/include -I../../../../../../../../Middlewares/Third_Party/LwIP/src/include/lwip/prot -I../../../../../../../../Middlewares/Third_Party/LwIP/src/include/netif/ppp -I../../../../../../../../Middlewares/Third_Party/LwIP/system -Os -ffunction-sections -fdata-sections -Wall -fstack-usage -MMD -MP -MF"Middlewares/Cellular/Core/Cellular_Service/cellular_service_utils.d" -MT"Middlewares/Cellular/Core/Cellular_Service/cellular_service_utils.o"  -mfpu=fpv4-sp-d16 -mfloat-abi=hard -mthumb -o "Middlewares/Cellular/Core/Cellular_Service/cellular_service_utils.o"
arm-none-eabi-gcc -o "L4S5I_IOT01_BG96.elf" @"objects.list"   -mcpu=cortex-m4 -T"P:\STM\STM32_SWI\x-cube-octave-wp77\en.x-cube-cellular_v6-0-0\STM32CubeExpansion_CELLULAR_V6.0.0\Projects\B-L4S5I-IOT01A\Demonstrations\Cellular\IDE\STM32CubeIDE\L4S5I_IOT01_BG96\STM32L4S5VITX_FLASH.ld" --specs=nosys.specs -Wl,-Map="L4S5I_IOT01_BG96.map" -Wl,--gc-sections -static -u_printf_float  -mfpu=fpv4-sp-d16 -mfloat-abi=hard -mthumb -Wl,--start-group -lc -lm -Wl,--end-group
Finished building target: L4S5I_IOT01_BG96.elf
 
arm-none-eabi-objdump -h -S  L4S5I_IOT01_BG96.elf  > "L4S5I_IOT01_BG96.list"
arm-none-eabi-objcopy  -O binary  L4S5I_IOT01_BG96.elf  "L4S5I_IOT01_BG96.bin"
arm-none-eabi-size   L4S5I_IOT01_BG96.elf 
   text	   data	    bss	    dec	    hex	filename
 249160	   3640	  44916	 297716	  48af4	L4S5I_IOT01_BG96.elf
Finished building: default.size.stdout
 
Finished building: L4S5I_IOT01_BG96.bin
 
Finished building: L4S5I_IOT01_BG96.list
 

11:49:44 Build Finished. 0 errors, 0 warnings. (took 10s.154ms)

