stm32l4xx_hal_i2c.c:5555:13:I2C_Flush_TXDR	0	static
stm32l4xx_hal_i2c.c:5958:13:I2C_TransferConfig	12	static
stm32l4xx_hal_i2c.c:5978:13:I2C_Enable_IRQ	8	static
stm32l4xx_hal_i2c.c:6039:13:I2C_Disable_IRQ	0	static
stm32l4xx_hal_i2c.c:6095:13:I2C_ConvertOtherXferOptions	0	static
stm32l4xx_hal_i2c.c:5893:26:I2C_IsAcknowledgeFailed	16	static
stm32l4xx_hal_i2c.c:5836:26:I2C_WaitOnRXNEFlagUntilTimeout	16	static
stm32l4xx_hal_i2c.c:5805:26:I2C_WaitOnSTOPFlagUntilTimeout	16	static
stm32l4xx_hal_i2c.c:5745:26:I2C_WaitOnFlagUntilTimeout	24	static
stm32l4xx_hal_i2c.c:5772:26:I2C_WaitOnTXISFlagUntilTimeout	16	static
stm32l4xx_hal_i2c.c:4812:26:I2C_RequestMemoryWrite	32	static
stm32l4xx_hal_i2c.c:4864:26:I2C_RequestMemoryRead	32	static
stm32l4xx_hal_i2c.c:635:13:HAL_I2C_MspInit	0	static
stm32l4xx_hal_i2c.c:485:19:HAL_I2C_Init	8	static
stm32l4xx_hal_i2c.c:650:13:HAL_I2C_MspDeInit	0	static
stm32l4xx_hal_i2c.c:591:19:HAL_I2C_DeInit	8	static
stm32l4xx_hal_i2c.c:1070:19:HAL_I2C_Master_Transmit	40	static
stm32l4xx_hal_i2c.c:1179:19:HAL_I2C_Master_Receive	40	static
stm32l4xx_hal_i2c.c:1287:19:HAL_I2C_Slave_Transmit	40	static
stm32l4xx_hal_i2c.c:1415:19:HAL_I2C_Slave_Receive	40	static
stm32l4xx_hal_i2c.c:1535:19:HAL_I2C_Master_Transmit_IT	24	static
stm32l4xx_hal_i2c.c:1598:19:HAL_I2C_Master_Receive_IT	24	static
stm32l4xx_hal_i2c.c:1659:19:HAL_I2C_Slave_Transmit_IT	16	static
stm32l4xx_hal_i2c.c:1705:19:HAL_I2C_Slave_Receive_IT	16	static
stm32l4xx_hal_i2c.c:1753:19:HAL_I2C_Master_Transmit_DMA	32	static
stm32l4xx_hal_i2c.c:1883:19:HAL_I2C_Master_Receive_DMA	32	static
stm32l4xx_hal_i2c.c:2012:19:HAL_I2C_Slave_Transmit_DMA	24	static
stm32l4xx_hal_i2c.c:2106:19:HAL_I2C_Slave_Receive_DMA	24	static
stm32l4xx_hal_i2c.c:2205:19:HAL_I2C_Mem_Write	56	static
stm32l4xx_hal_i2c.c:2334:19:HAL_I2C_Mem_Read	56	static
stm32l4xx_hal_i2c.c:2461:19:HAL_I2C_Mem_Write_IT	48	static
stm32l4xx_hal_i2c.c:2546:19:HAL_I2C_Mem_Read_IT	48	static
stm32l4xx_hal_i2c.c:2630:19:HAL_I2C_Mem_Write_DMA	40	static
stm32l4xx_hal_i2c.c:2762:19:HAL_I2C_Mem_Read_DMA	40	static
stm32l4xx_hal_i2c.c:2893:19:HAL_I2C_IsDeviceReady	56	static
stm32l4xx_hal_i2c.c:3024:19:HAL_I2C_Master_Seq_Transmit_IT	24	static
stm32l4xx_hal_i2c.c:3101:19:HAL_I2C_Master_Seq_Transmit_DMA	40	static
stm32l4xx_hal_i2c.c:3249:19:HAL_I2C_Master_Seq_Receive_IT	24	static
stm32l4xx_hal_i2c.c:3326:19:HAL_I2C_Master_Seq_Receive_DMA	40	static
stm32l4xx_hal_i2c.c:3473:19:HAL_I2C_Slave_Seq_Transmit_IT	24	static
stm32l4xx_hal_i2c.c:3560:19:HAL_I2C_Slave_Seq_Transmit_DMA	24	static
stm32l4xx_hal_i2c.c:3719:19:HAL_I2C_Slave_Seq_Receive_IT	24	static
stm32l4xx_hal_i2c.c:3806:19:HAL_I2C_Slave_Seq_Receive_DMA	24	static
stm32l4xx_hal_i2c.c:3962:19:HAL_I2C_EnableListen_IT	8	static
stm32l4xx_hal_i2c.c:3982:19:HAL_I2C_DisableListen_IT	8	static
stm32l4xx_hal_i2c.c:4011:19:HAL_I2C_Master_Abort_IT	24	static
stm32l4xx_hal_i2c.c:4066:6:HAL_I2C_EV_IRQHandler	0	static
stm32l4xx_hal_i2c.c:4132:13:HAL_I2C_MasterTxCpltCallback	0	static
stm32l4xx_hal_i2c.c:4147:13:HAL_I2C_MasterRxCpltCallback	0	static
stm32l4xx_hal_i2c.c:4999:13:I2C_ITMasterSeqCplt	16	static
stm32l4xx_hal_i2c.c:4161:13:HAL_I2C_SlaveTxCpltCallback	0	static
stm32l4xx_hal_i2c.c:4176:13:HAL_I2C_SlaveRxCpltCallback	0	static
stm32l4xx_hal_i2c.c:5049:13:I2C_ITSlaveSeqCplt	8	static
stm32l4xx_hal_i2c.c:5614:13:I2C_DMASlaveTransmitCplt	0	static
stm32l4xx_hal_i2c.c:5679:13:I2C_DMASlaveReceiveCplt	0	static
stm32l4xx_hal_i2c.c:4193:13:HAL_I2C_AddrCallback	0	static
stm32l4xx_hal_i2c.c:4910:13:I2C_ITAddrCplt.isra.0	24	static
stm32l4xx_hal_i2c.c:4211:13:HAL_I2C_ListenCpltCallback	0	static
stm32l4xx_hal_i2c.c:5377:13:I2C_ITListenCplt	8	static
stm32l4xx_hal_i2c.c:4226:13:HAL_I2C_MemTxCpltCallback	0	static
stm32l4xx_hal_i2c.c:4241:13:HAL_I2C_MemRxCpltCallback	0	static
stm32l4xx_hal_i2c.c:4256:13:HAL_I2C_ErrorCallback	0	static
stm32l4xx_hal_i2c.c:4271:13:HAL_I2C_AbortCpltCallback	0	static
stm32l4xx_hal_i2c.c:5521:13:I2C_TreatErrorCallback	8	static
stm32l4xx_hal_i2c.c:5425:13:I2C_ITError	16	static
stm32l4xx_hal_i2c.c:5239:13:I2C_ITSlaveCplt	24	static
stm32l4xx_hal_i2c.c:4467:26:I2C_Slave_ISR_IT	24	static
stm32l4xx_hal_i2c.c:5113:13:I2C_ITMasterCplt	24	static
stm32l4xx_hal_i2c.c:4350:26:I2C_Master_ISR_IT	24	static
stm32l4xx_hal_i2c.c:4693:26:I2C_Slave_ISR_DMA	24	static
stm32l4xx_hal_i2c.c:4584:26:I2C_Master_ISR_DMA	16	static
stm32l4xx_hal_i2c.c:5703:13:I2C_DMAError	0	static
stm32l4xx_hal_i2c.c:5573:13:I2C_DMAMasterTransmitCplt	8	static
stm32l4xx_hal_i2c.c:5638:13:I2C_DMAMasterReceiveCplt	8	static
stm32l4xx_hal_i2c.c:4083:6:HAL_I2C_ER_IRQHandler	4	static
stm32l4xx_hal_i2c.c:5720:13:I2C_DMAAbort	0	static
stm32l4xx_hal_i2c.c:4305:22:HAL_I2C_GetState	0	static
stm32l4xx_hal_i2c.c:4316:21:HAL_I2C_GetMode	0	static
stm32l4xx_hal_i2c.c:4326:10:HAL_I2C_GetError	0	static
