at_custom_modem_specific.c:2937:16:display_if_active_band	16	static
at_custom_modem_specific.c:2650:13:bg96_modem_reset.constprop	8	static
at_custom_modem_specific.c:190:6:ATCustom_BG96_init	16	static
at_custom_modem_specific.c:309:9:ATCustom_BG96_checkEndOfMsgCallback	16	static
at_custom_modem_specific.c:520:13:ATCustom_BG96_getCmd	40	static
at_custom_modem_specific.c:1949:13:ATCustom_BG96_extractElement	40	static
at_custom_modem_specific.c:2061:17:ATCustom_BG96_analyzeCmd	24	static
at_custom_modem_specific.c:2446:17:ATCustom_BG96_analyzeParam	24	static
at_custom_modem_specific.c:2465:17:ATCustom_BG96_terminateCmd	16	static
at_custom_modem_specific.c:2508:13:ATCustom_BG96_get_rsp	40	static
at_custom_modem_specific.c:2578:13:ATCustom_BG96_get_urc	16	static
at_custom_modem_specific.c:2596:13:ATCustom_BG96_get_error	16	static
at_custom_modem_specific.c:2614:13:ATCustom_BG96_hw_event	0	static
