at_custom_modem_socket.c:87:13:fCmdBuild_QIACT_BG96	24	static
at_custom_modem_socket.c:115:13:fCmdBuild_QIOPEN_BG96	48	static
at_custom_modem_socket.c:197:13:fCmdBuild_QICLOSE_BG96	16	static
at_custom_modem_socket.c:220:13:fCmdBuild_QISEND_BG96	24	static
at_custom_modem_socket.c:261:13:fCmdBuild_QISEND_WRITE_DATA_BG96	16	static
at_custom_modem_socket.c:289:13:fCmdBuild_QIRD_BG96	24	static
at_custom_modem_socket.c:331:13:fCmdBuild_QISTATE_BG96	16	static
at_custom_modem_socket.c:351:13:fCmdBuild_QIDNSCFG_BG96	16	static
at_custom_modem_socket.c:381:13:fCmdBuild_QIDNSGIP_BG96	16	static
at_custom_modem_socket.c:402:13:fCmdBuild_QPING_BG96	24	static
at_custom_modem_socket.c:428:17:fRspAnalyze_QIACT_BG96	120	static,ignoring_inline_asm
at_custom_modem_socket.c:519:17:fRspAnalyze_QIOPEN_BG96	48	static,ignoring_inline_asm
at_custom_modem_socket.c:573:17:fRspAnalyze_QIRD_BG96	48	static,ignoring_inline_asm
at_custom_modem_socket.c:687:17:fRspAnalyze_QIRD_data_BG96	16	static
at_custom_modem_socket.c:721:17:fRspAnalyze_QISTATE_BG96	64	static,ignoring_inline_asm
at_custom_modem_socket.c:828:17:fRspAnalyze_QINDCFG_BG96	8	static
at_custom_modem_socket.c:844:17:fRspAnalyze_QPING_BG96	48	static,ignoring_inline_asm
