stm32l4xx_hal_cortex.c:162:6:HAL_NVIC_SetPriorityGrouping	0	static
stm32l4xx_hal_cortex.c:183:6:HAL_NVIC_SetPriority	12	static
stm32l4xx_hal_cortex.c:206:6:HAL_NVIC_EnableIRQ	0	static,ignoring_inline_asm
stm32l4xx_hal_cortex.c:221:6:HAL_NVIC_DisableIRQ	0	static,ignoring_inline_asm
stm32l4xx_hal_cortex.c:233:6:HAL_NVIC_SystemReset	0	static,ignoring_inline_asm
stm32l4xx_hal_cortex.c:245:10:HAL_SYSTICK_Config	0	static
stm32l4xx_hal_cortex.c:272:10:HAL_NVIC_GetPriorityGrouping	0	static
stm32l4xx_hal_cortex.c:298:6:HAL_NVIC_GetPriority	16	static
stm32l4xx_hal_cortex.c:314:6:HAL_NVIC_SetPendingIRQ	0	static
stm32l4xx_hal_cortex.c:331:10:HAL_NVIC_GetPendingIRQ	0	static
stm32l4xx_hal_cortex.c:346:6:HAL_NVIC_ClearPendingIRQ	0	static
stm32l4xx_hal_cortex.c:362:10:HAL_NVIC_GetActive	0	static
stm32l4xx_hal_cortex.c:375:6:HAL_SYSTICK_CLKSourceConfig	0	static
stm32l4xx_hal_cortex.c:397:13:HAL_SYSTICK_Callback	0	static
stm32l4xx_hal_cortex.c:389:6:HAL_SYSTICK_IRQHandler	8	static
stm32l4xx_hal_cortex.c:415:6:HAL_MPU_Enable	0	static,ignoring_inline_asm
stm32l4xx_hal_cortex.c:428:6:HAL_MPU_Disable	0	static,ignoring_inline_asm
stm32l4xx_hal_cortex.c:442:6:HAL_MPU_ConfigRegion	8	static
