stm32l4s5i_iot01.c:395:13:I2Cx_MspDeInit.isra.0	8	static
stm32l4s5i_iot01.c:414:13:I2Cx_Init.constprop	48	static
stm32l4s5i_iot01.c:515:13:I2Cx_Error.isra.0.constprop	8	static
stm32l4s5i_iot01.c:130:10:BSP_GetVersion	0	static
stm32l4s5i_iot01.c:141:6:BSP_LED_Init	32	static
stm32l4s5i_iot01.c:161:6:BSP_LED_DeInit	16	static
stm32l4s5i_iot01.c:179:6:BSP_LED_On	0	static
stm32l4s5i_iot01.c:190:6:BSP_LED_Off	0	static
stm32l4s5i_iot01.c:201:6:BSP_LED_Toggle	0	static
stm32l4s5i_iot01.c:217:6:BSP_PB_Init	32	static
stm32l4s5i_iot01.c:258:6:BSP_PB_DeInit	8	static
stm32l4s5i_iot01.c:275:10:BSP_PB_GetState	8	static
stm32l4s5i_iot01.c:288:6:BSP_COM_Init	56	static
stm32l4s5i_iot01.c:326:6:BSP_COM_DeInit	8	static
stm32l4s5i_iot01.c:537:6:SENSOR_IO_Init	0	static
stm32l4s5i_iot01.c:546:6:SENSOR_IO_DeInit	8	static
stm32l4s5i_iot01.c:558:6:SENSOR_IO_Write	32	static
stm32l4s5i_iot01.c:569:9:SENSOR_IO_Read	32	static
stm32l4s5i_iot01.c:587:10:SENSOR_IO_ReadMultiple	24	static
stm32l4s5i_iot01.c:601:6:SENSOR_IO_WriteMultiple	24	static
stm32l4s5i_iot01.c:613:19:SENSOR_IO_IsDeviceReady	0	static
stm32l4s5i_iot01.c:623:6:SENSOR_IO_Delay	0	static
stm32l4s5i_iot01.c:635:10:NFC_IO_Init	32	static
stm32l4s5i_iot01.c:679:10:NFC_IO_DeInit	8	static
stm32l4s5i_iot01.c:691:10:NFC_IO_IsDeviceReady	24	static
stm32l4s5i_iot01.c:725:9:NFC_IO_WriteReg16	24	static
stm32l4s5i_iot01.c:758:10:NFC_IO_ReadReg16	24	static
stm32l4s5i_iot01.c:788:10:NFC_IO_Tick	0	static
