queue.c:2109:19:prvIsQueueEmpty	8	static
queue.c:1920:19:prvCopyDataToQueue	24	static
queue.c:1985:13:prvCopyDataFromQueue	4	static
queue.c:2000:13:prvUnlockQueue	16	static
queue.c:254:12:xQueueGenericReset	16	static,ignoring_inline_asm
queue.c:361:15:xQueueGenericCreate	24	static,ignoring_inline_asm
queue.c:703:15:xQueueCreateCountingSemaphore	8	static,ignoring_inline_asm
queue.c:727:12:xQueueGenericSend	48	static,ignoring_inline_asm
queue.c:485:15:xQueueCreateMutex	16	static
queue.c:922:12:xQueueGenericSendFromISR	32	static,ignoring_inline_asm
queue.c:1065:12:xQueueGiveFromISR	16	static,ignoring_inline_asm
queue.c:1218:12:xQueueReceive	48	static,ignoring_inline_asm
queue.c:1337:12:xQueueSemaphoreTake	40	static,ignoring_inline_asm
queue.c:1529:12:xQueuePeek	48	static,ignoring_inline_asm
queue.c:1655:12:xQueueReceiveFromISR	32	static,ignoring_inline_asm
queue.c:1734:12:xQueuePeekFromISR	24	static,ignoring_inline_asm
queue.c:1785:13:uxQueueMessagesWaiting	16	static,ignoring_inline_asm
queue.c:1800:13:uxQueueSpacesAvailable	16	static,ignoring_inline_asm
queue.c:1816:13:uxQueueMessagesWaitingFromISR	0	static,ignoring_inline_asm
queue.c:1869:13:uxQueueGetQueueNumber	0	static
queue.c:1878:6:vQueueSetQueueNumber	0	static
queue.c:1887:9:ucQueueGetQueueType	0	static
queue.c:2126:12:xQueueIsQueueEmptyFromISR	0	static,ignoring_inline_asm
queue.c:2158:12:xQueueIsQueueFullFromISR	0	static,ignoring_inline_asm
queue.c:2450:6:vQueueAddToRegistry	12	static
queue.c:2476:13:pcQueueGetName	0	static
queue.c:2501:6:vQueueUnregisterQueue	8	static
queue.c:1827:6:vQueueDelete	8	static,ignoring_inline_asm
queue.c:2529:6:vQueueWaitForMessageRestricted	16	static
