cellular_service.c:2216:13:CELLULAR_reset_context	0	static
cellular_service.c:2170:20:perform_SW_reset	16	static
cellular_service.c:2144:20:perform_HW_reset	16	static
cellular_service.c:2741:23:convert_to_PDN_event.isra.0	0	static
cellular_service.c:2286:13:CELLULAR_urc_notif	168	static
cellular_service.c:2681:20:CELLULAR_analyze_error_report.constprop	16	static
cellular_service.c:122:13:CS_init	16	static
cellular_service.c:136:13:CS_power_on	8	static
cellular_service.c:175:13:CS_power_off	16	static
cellular_service.c:218:13:CS_check_connection	8	static
cellular_service.c:249:13:CS_sim_select	16	static
cellular_service.c:281:9:CS_sim_generic_access	24	static
cellular_service.c:356:13:CS_init_modem	40	static
cellular_service.c:393:13:CS_get_device_info	16	static
cellular_service.c:434:13:CS_register_net	16	static
cellular_service.c:481:13:CS_subscribe_net_event	16	static
cellular_service.c:541:13:CS_unsubscribe_net_event	16	static
cellular_service.c:600:13:CS_subscribe_sim_event	16	static
cellular_service.c:618:13:CS_attach_PS_domain	8	static
cellular_service.c:645:13:CS_detach_PS_domain	8	static
cellular_service.c:672:13:CS_get_attach_status	16	static
cellular_service.c:704:13:CS_get_net_status	8	static
cellular_service.c:741:13:CS_get_signal_quality	24	static
cellular_service.c:779:13:CS_activate_pdn	16	static
cellular_service.c:807:13:CS_deactivate_pdn	16	static
cellular_service.c:836:13:CS_define_pdn	152	static
cellular_service.c:900:13:CS_set_default_pdn	16	static
cellular_service.c:928:13:CS_get_dev_IP_address	104	static
cellular_service.c:972:13:CS_subscribe_modem_event	24	static
cellular_service.c:1006:13:CS_register_pdn_event	16	static
cellular_service.c:1046:13:CS_deregister_pdn_event	8	static
cellular_service.c:1094:17:CDS_socket_create	32	static
cellular_service.c:1123:13:CDS_socket_bind	16	static
cellular_service.c:1153:13:CDS_socket_set_callbacks	24	static
cellular_service.c:1218:13:CDS_socket_set_option	24	static
cellular_service.c:1234:13:CDS_socket_get_option	0	static
cellular_service.c:1251:13:CDS_socket_connect	24	static
cellular_service.c:1300:13:CDS_socket_listen	0	static
cellular_service.c:1316:13:CDS_socket_send	112	static
cellular_service.c:1381:13:CDS_socket_sendto	120	static
cellular_service.c:1454:9:CDS_socket_receive	120	static
cellular_service.c:1532:9:CDS_socket_receivefrom	184	static
cellular_service.c:1614:13:CDS_socket_close	16	static
cellular_service.c:1668:13:CDS_socket_cnx_status	24	static
cellular_service.c:1708:13:CS_suspend_data	8	static
cellular_service.c:1734:13:CS_resume_data	8	static
cellular_service.c:1760:13:CS_reset	24	static
cellular_service.c:1825:13:CS_dns_request	152	static
cellular_service.c:1875:13:CDS_ping	240	static
cellular_service.c:1936:13:CS_direct_cmd	8	static
cellular_service.c:1977:13:CS_InitPowerConfig	16	static
cellular_service.c:2016:13:CS_SetPowerConfig	8	static
cellular_service.c:2051:13:CS_SleepRequest	8	static
cellular_service.c:2075:13:CS_SleepComplete	8	static
cellular_service.c:2100:13:CS_SleepCancel	8	static
cellular_service.c:2124:13:CS_PowerWakeup	16	static
