stm32l4xx_hal.c:220:13:HAL_MspInit	0	static
stm32l4xx_hal.c:230:13:HAL_MspDeInit	0	static
stm32l4xx_hal.c:192:19:HAL_DeInit	8	static
stm32l4xx_hal.c:252:26:HAL_InitTick	16	static
stm32l4xx_hal.c:152:19:HAL_Init	8	static
stm32l4xx_hal.c:311:13:HAL_IncTick	0	static
stm32l4xx_hal.c:321:17:HAL_GetTick	0	static
stm32l4xx_hal.c:329:10:HAL_GetTickPrio	0	static
stm32l4xx_hal.c:338:19:HAL_SetTickFreq	16	static
stm32l4xx_hal.c:364:21:HAL_GetTickFreq	0	static
stm32l4xx_hal.c:379:13:HAL_Delay	16	static
stm32l4xx_hal.c:402:13:HAL_SuspendTick	0	static
stm32l4xx_hal.c:417:13:HAL_ResumeTick	0	static
stm32l4xx_hal.c:426:10:HAL_GetHalVersion	0	static
stm32l4xx_hal.c:434:10:HAL_GetREVID	0	static
stm32l4xx_hal.c:442:10:HAL_GetDEVID	0	static
stm32l4xx_hal.c:450:10:HAL_GetUIDw0	0	static
stm32l4xx_hal.c:458:10:HAL_GetUIDw1	0	static
stm32l4xx_hal.c:466:10:HAL_GetUIDw2	0	static
stm32l4xx_hal.c:494:6:HAL_DBGMCU_EnableDBGSleepMode	0	static
stm32l4xx_hal.c:502:6:HAL_DBGMCU_DisableDBGSleepMode	0	static
stm32l4xx_hal.c:510:6:HAL_DBGMCU_EnableDBGStopMode	0	static
stm32l4xx_hal.c:518:6:HAL_DBGMCU_DisableDBGStopMode	0	static
stm32l4xx_hal.c:526:6:HAL_DBGMCU_EnableDBGStandbyMode	0	static
stm32l4xx_hal.c:534:6:HAL_DBGMCU_DisableDBGStandbyMode	0	static
stm32l4xx_hal.c:566:6:HAL_SYSCFG_SRAM2Erase	0	static
stm32l4xx_hal.c:584:6:HAL_SYSCFG_EnableMemorySwappingBank	0	static
stm32l4xx_hal.c:598:6:HAL_SYSCFG_DisableMemorySwappingBank	0	static
stm32l4xx_hal.c:614:6:HAL_SYSCFG_VREFBUF_VoltageScalingConfig	0	static
stm32l4xx_hal.c:629:6:HAL_SYSCFG_VREFBUF_HighImpedanceConfig	0	static
stm32l4xx_hal.c:640:6:HAL_SYSCFG_VREFBUF_TrimmingConfig	0	static
stm32l4xx_hal.c:651:19:HAL_SYSCFG_EnableVREFBUF	16	static
stm32l4xx_hal.c:674:6:HAL_SYSCFG_DisableVREFBUF	0	static
stm32l4xx_hal.c:684:6:HAL_SYSCFG_EnableIOAnalogSwitchBooster	0	static
stm32l4xx_hal.c:693:6:HAL_SYSCFG_DisableIOAnalogSwitchBooster	0	static
