at_modem_signalling.c:113:13:display_clear_network_state	8	static
at_modem_signalling.c:376:13:fCmdBuild_NoParams	8	static
at_modem_signalling.c:388:13:fCmdBuild_CGSN	16	static
at_modem_signalling.c:409:13:fCmdBuild_CMEE	16	static
at_modem_signalling.c:427:13:fCmdBuild_CPIN	16	static
at_modem_signalling.c:443:13:fCmdBuild_CFUN	16	static
at_modem_signalling.c:490:13:fCmdBuild_COPS	32	static
at_modem_signalling.c:557:13:fCmdBuild_CGATT	16	static
at_modem_signalling.c:586:13:fCmdBuild_CREG	16	static
at_modem_signalling.c:611:13:fCmdBuild_CGREG	16	static
at_modem_signalling.c:641:13:fCmdBuild_CEREG	16	static
at_modem_signalling.c:671:13:fCmdBuild_CGEREP	8	static
at_modem_signalling.c:710:13:fCmdBuild_CGDCONT	32	static
at_modem_signalling.c:758:13:fCmdBuild_CGACT	24	static
at_modem_signalling.c:791:13:fCmdBuild_CGAUTH	32	static
at_modem_signalling.c:840:13:fCmdBuild_CGDATA	24	static
at_modem_signalling.c:872:13:fCmdBuild_CGPADDR	24	static
at_modem_signalling.c:907:13:fCmdBuild_ATD	8	static
at_modem_signalling.c:924:13:fCmdBuild_ATE	16	static
at_modem_signalling.c:941:13:fCmdBuild_ATV	16	static
at_modem_signalling.c:958:13:fCmdBuild_ATX	8	static
at_modem_signalling.c:975:13:fCmdBuild_ATZ	8	static
at_modem_signalling.c:991:13:fCmdBuild_IPR	16	static
at_modem_signalling.c:1005:13:fCmdBuild_IFC	16	static
at_modem_signalling.c:1026:13:fCmdBuild_ESCAPE_CMD	8	static
at_modem_signalling.c:1047:13:fCmdBuild_AT_AND_D	8	static
at_modem_signalling.c:1066:13:fCmdBuild_CPSMS	72	static
at_modem_signalling.c:1186:13:fCmdBuild_CEDRXS	32	static
at_modem_signalling.c:1255:13:fCmdBuild_CSIM	24	static
at_modem_signalling.c:1282:13:fCmdBuild_DIRECT_CMD	24	static
at_modem_signalling.c:1311:17:fRspAnalyze_None	8	static
at_modem_signalling.c:1341:17:fRspAnalyze_CmeErr	80	static
at_modem_signalling.c:1327:17:fRspAnalyze_Error	24	static
at_modem_signalling.c:1438:17:fRspAnalyze_CmsErr	8	static
at_modem_signalling.c:1455:17:fRspAnalyze_CGMI	24	static
at_modem_signalling.c:1479:17:fRspAnalyze_CGMM	24	static
at_modem_signalling.c:1502:17:fRspAnalyze_CGMR	24	static
at_modem_signalling.c:1525:17:fRspAnalyze_CGSN	112	static
at_modem_signalling.c:1604:17:fRspAnalyze_CIMI	24	static
at_modem_signalling.c:1627:17:fRspAnalyze_CEER	8	static
at_modem_signalling.c:1643:17:fRspAnalyze_CPIN	80	static
at_modem_signalling.c:1715:17:fRspAnalyze_CFUN	32	static
at_modem_signalling.c:1746:17:fRspAnalyze_COPS	48	static
at_modem_signalling.c:1907:17:fRspAnalyze_CNUM	8	static
at_modem_signalling.c:1923:17:fRspAnalyze_CGATT	40	static
at_modem_signalling.c:1957:17:fRspAnalyze_CREG	56	static
at_modem_signalling.c:2069:17:fRspAnalyze_CGREG	56	static
at_modem_signalling.c:2265:17:fRspAnalyze_CEREG	56	static
at_modem_signalling.c:2502:17:fRspAnalyze_CGEV	144	static
at_modem_signalling.c:2721:17:fRspAnalyze_CSQ	48	static
at_modem_signalling.c:2772:17:fRspAnalyze_CGPADDR	152	static
at_modem_signalling.c:2855:17:fRspAnalyze_CPSMS	32	static
at_modem_signalling.c:2911:17:fRspAnalyze_CEDRXS	40	static
at_modem_signalling.c:2954:17:fRspAnalyze_CEDRXP	40	static
at_modem_signalling.c:2999:17:fRspAnalyze_CEDRXRDP	40	static
at_modem_signalling.c:3046:17:fRspAnalyze_CSIM	32	static
at_modem_signalling.c:3104:17:fRspAnalyze_GSN	24	static
at_modem_signalling.c:3127:17:fRspAnalyze_IPR	32	static
at_modem_signalling.c:3156:17:fRspAnalyze_IFC	48	static
at_modem_signalling.c:3207:17:fRspAnalyze_DIRECT_CMD	8	static
