at_modem_common.c:157:6:atcm_put_IP_address_infos	16	static
at_modem_common.c:188:6:atcm_get_IP_address_infos	16	static
at_modem_common.c:217:17:atcm_get_ip_address_type	8	static
at_modem_common.c:291:6:atcm_extract_IP_address	16	static
at_modem_common.c:317:13:atcm_select_hw_simslot	8	static
at_modem_common.c:359:18:atcm_get_cid_current_SID	8	static
at_modem_common.c:382:18:atcm_get_CmdStr	20	static
at_modem_common.c:413:10:atcm_get_CmdTimeout	20	static
at_modem_common.c:444:21:atcm_get_CmdBuildFunc	20	static
at_modem_common.c:474:23:atcm_get_CmdAnalyzeFunc	20	static
at_modem_common.c:502:18:atcm_get_PDPtypeStr	0	static
at_modem_common.c:541:6:atcm_program_AT_CMD	8	static
at_modem_common.c:568:6:atcm_program_AT_CMD_ANSWER_OPTIONAL	8	static
at_modem_common.c:593:6:atcm_program_CMD_TIMEOUT	8	static
at_modem_common.c:615:6:atcm_program_WAIT_EVENT	0	static
at_modem_common.c:631:6:atcm_program_TEMPO	16	static
at_modem_common.c:647:6:atcm_program_NO_MORE_CMD	0	static
at_modem_common.c:661:6:atcm_program_SKIP_CMD	0	static
at_modem_common.c:711:13:atcm_modem_build_cmd	40	static
at_modem_common.c:757:13:atcm_modem_get_rsp	96	static
at_modem_common.c:898:13:atcm_modem_get_urc	32	static
at_modem_common.c:1353:13:atcm_modem_get_error	8	static
at_modem_common.c:1378:13:atcm_subscribe_net_event	16	static
at_modem_common.c:1491:13:atcm_unsubscribe_net_event	16	static
at_modem_common.c:1591:6:atcm_validate_ping_request	8	static
at_modem_common.c:1612:11:atcm_modem_event_received	0	static
at_modem_common.c:1632:6:atcm_reset_persistent_context	32	static
at_modem_common.c:1767:6:atcm_reset_SID_context	16	static
at_modem_common.c:1818:6:atcm_reset_CMD_context	16	static
at_modem_common.c:1843:6:atcm_reset_SOCKET_context	16	static
at_modem_common.c:676:6:atcm_modem_init	16	static
at_modem_common.c:693:6:atcm_modem_reset	16	static
at_modem_common.c:1865:13:atcm_searchCmdInLUT	48	static
at_modem_common.c:1923:17:atcm_check_text_line_cmd	16	static
at_modem_common.c:2020:13:atcm_retrieve_SID_parameters	32	static
at_modem_common.c:2410:9:atcm_get_affected_modem_cid	16	static
at_modem_common.c:2447:18:atcm_get_configID_for_modem_cid	0	static
at_modem_common.c:2474:18:atcm_convert_index_to_PDN_conf	0	static
at_modem_common.c:2509:6:reset_pdn_event	0	static
at_modem_common.c:2524:6:atcm_report_urc_sim_event	8	static
at_modem_common.c:2563:6:atcm_set_error_report	0	static
